[kofejob.dreamstechnologies.com/html/template/index.html]
[backblue.gif]
[fade.gif]
[index.html]
[kofejob.dreamstechnologies.com/html/template/assets/img/favicon.png]
[kofejob.dreamstechnologies.com/html/template/assets/css/bootstrap.min.css]
[kofejob.dreamstechnologies.com/html/template/assets/plugins/fontawesome/css/fontawesome.min.css]
[kofejob.dreamstechnologies.com/html/template/assets/plugins/fontawesome/css/all.min.css]
[kofejob.dreamstechnologies.com/html/template/assets/css/owl.carousel.min.css]
[kofejob.dreamstechnologies.com/html/template/assets/css/owl.theme.default.min.css]
[kofejob.dreamstechnologies.com/html/template/assets/css/animate.min.css]
[kofejob.dreamstechnologies.com/html/template/assets/css/animate.css]
[kofejob.dreamstechnologies.com/html/template/assets/plugins/feather/feather.css]
[kofejob.dreamstechnologies.com/html/template/assets/plugins/aos/aos.css]
[kofejob.dreamstechnologies.com/html/template/assets/plugins/select2/css/select2.min.css]
[kofejob.dreamstechnologies.com/html/template/assets/css/style.css]
[kofejob.dreamstechnologies.com/html/template/assets/img/load-icon.svg]
[kofejob.dreamstechnologies.com/html/template/assets/img/logo.svg]
[kofejob.dreamstechnologies.com/html/template/index-2.html]
[kofejob.dreamstechnologies.com/html/template/index-3.html]
[kofejob.dreamstechnologies.com/html/template/index-4.html]
[kofejob.dreamstechnologies.com/html/template/index-5.html]
[kofejob.dreamstechnologies.com/html/template/developer.html]
[kofejob.dreamstechnologies.com/html/template/developer-details.html]
[kofejob.dreamstechnologies.com/html/template/dashboard.html]
[kofejob.dreamstechnologies.com/html/template/company-profile.html]
[kofejob.dreamstechnologies.com/html/template/manage-projects.html]
[kofejob.dreamstechnologies.com/html/template/favourites.html]
[kofejob.dreamstechnologies.com/html/template/membership-plans.html]
[kofejob.dreamstechnologies.com/html/template/milestones.html]
[kofejob.dreamstechnologies.com/html/template/chats.html]
[kofejob.dreamstechnologies.com/html/template/review.html]
[kofejob.dreamstechnologies.com/html/template/deposit-funds.html]
[kofejob.dreamstechnologies.com/html/template/verify-identity.html]
[kofejob.dreamstechnologies.com/html/template/profile-settings.html]
[kofejob.dreamstechnologies.com/html/template/project.html]
[kofejob.dreamstechnologies.com/html/template/project-details.html]
[kofejob.dreamstechnologies.com/html/template/freelancer-dashboard.html]
[kofejob.dreamstechnologies.com/html/template/developer-profile.html]
[kofejob.dreamstechnologies.com/html/template/freelancer-project-proposals.html]
[kofejob.dreamstechnologies.com/html/template/freelancer-favourites.html]
[kofejob.dreamstechnologies.com/html/template/freelancer-membership.html]
[kofejob.dreamstechnologies.com/html/template/freelancer-change-password.html]
[kofejob.dreamstechnologies.com/html/template/freelancer-chats.html]
[kofejob.dreamstechnologies.com/html/template/freelancer-review.html]
[kofejob.dreamstechnologies.com/html/template/freelancer-withdraw-money.html]
[kofejob.dreamstechnologies.com/html/template/freelancer-verify-identity.html]
[kofejob.dreamstechnologies.com/html/template/freelancer-profile-settings.html]
[kofejob.dreamstechnologies.com/html/template/about.html]
[kofejob.dreamstechnologies.com/html/template/blank-page.html]
[kofejob.dreamstechnologies.com/html/template/404-page.html]
[kofejob.dreamstechnologies.com/html/template/login.html]
[kofejob.dreamstechnologies.com/html/template/register.html]
[kofejob.dreamstechnologies.com/html/template/onboard-screen.html]
[kofejob.dreamstechnologies.com/html/template/forgot-password.html]
[kofejob.dreamstechnologies.com/html/template/change-passwords.html]
[kofejob.dreamstechnologies.com/html/template/blog-list.html]
[kofejob.dreamstechnologies.com/html/template/blog-grid.html]
[kofejob.dreamstechnologies.com/html/template/blog-details.html]
[kofejob.dreamstechnologies.com/html/template/admin/index.html]
[kofejob.dreamstechnologies.com/html/template/assets/img/icon/users.svg]
[kofejob.dreamstechnologies.com/html/template/assets/img/icon/lock.svg]
[kofejob.dreamstechnologies.com/html/template/post-project.html]
[kofejob.dreamstechnologies.com/html/template/assets/img/banner-img.svg]
[kofejob.dreamstechnologies.com/html/template/assets/img/icon/categories1.svg]
[kofejob.dreamstechnologies.com/html/template/assets/img/icon/categories7.svg]
[kofejob.dreamstechnologies.com/html/template/assets/img/icon/categories3.svg]
[kofejob.dreamstechnologies.com/html/template/assets/img/icon/categories4.svg]
[kofejob.dreamstechnologies.com/html/template/assets/img/icon/categories5.svg]
[kofejob.dreamstechnologies.com/html/template/assets/img/icon/categories6.svg]
[kofejob.dreamstechnologies.com/html/template/assets/img/icon/categories8.svg]
[kofejob.dreamstechnologies.com/html/template/assets/img/icon/achievement-1.svg]
[kofejob.dreamstechnologies.com/html/template/assets/img/icon/achievement-2.svg]
[kofejob.dreamstechnologies.com/html/template/assets/img/icon/achievement-3.svg]
[kofejob.dreamstechnologies.com/html/template/assets/img/icon/achievement-4.svg]
[kofejob.dreamstechnologies.com/html/template/assets/img/work1.jpg]
[kofejob.dreamstechnologies.com/html/template/assets/img/work2.jpg]
[kofejob.dreamstechnologies.com/html/template/assets/img/work3.jpg]
[kofejob.dreamstechnologies.com/html/template/assets/img/recent-icon-01.svg]
[kofejob.dreamstechnologies.com/html/template/assets/img/recent-icon-02.svg]
[kofejob.dreamstechnologies.com/html/template/assets/img/recent-icon-03.svg]
[kofejob.dreamstechnologies.com/html/template/assets/img/project/project-01.jpg]
[kofejob.dreamstechnologies.com/html/template/assets/img/project/project-02.jpg]
[kofejob.dreamstechnologies.com/html/template/assets/img/project/project-03.jpg]
[kofejob.dreamstechnologies.com/html/template/assets/img/project/project-04.jpg]
[kofejob.dreamstechnologies.com/html/template/assets/img/project/project-05.jpg]
[kofejob.dreamstechnologies.com/html/template/assets/img/project/project-06.jpg]
[kofejob.dreamstechnologies.com/html/template/assets/img/project/project-07.jpg]
[kofejob.dreamstechnologies.com/html/template/assets/img/project/project-08.jpg]
[kofejob.dreamstechnologies.com/html/template/assets/img/user/avatar-1.jpg]
[kofejob.dreamstechnologies.com/html/template/assets/img/icon/locations.svg]
[kofejob.dreamstechnologies.com/html/template/assets/img/user/avatar-2.jpg]
[kofejob.dreamstechnologies.com/html/template/assets/img/user/avatar-3.jpg]
[kofejob.dreamstechnologies.com/html/template/assets/img/user/avatar-4.jpg]
[kofejob.dreamstechnologies.com/html/template/assets/img/user/avatar-5.jpg]
[kofejob.dreamstechnologies.com/html/template/assets/img/bg/bg3.png]
[kofejob.dreamstechnologies.com/html/template/assets/img/review/review-01.jpg]
[kofejob.dreamstechnologies.com/html/template/assets/img/test-quote.svg]
[kofejob.dreamstechnologies.com/html/template/assets/img/review/review-02.jpg]
[kofejob.dreamstechnologies.com/html/template/assets/img/review/review-03.jpg]
[kofejob.dreamstechnologies.com/html/template/assets/img/company/theme-1.png]
[kofejob.dreamstechnologies.com/html/template/assets/img/company/theme-2.png]
[kofejob.dreamstechnologies.com/html/template/assets/img/company/theme-3.png]
[kofejob.dreamstechnologies.com/html/template/assets/img/company/theme-4.png]
[kofejob.dreamstechnologies.com/html/template/assets/img/company/theme-5.png]
[kofejob.dreamstechnologies.com/html/template/assets/img/company/theme-6.png]
[kofejob.dreamstechnologies.com/html/template/assets/img/blog/blog-01.jpg]
[kofejob.dreamstechnologies.com/html/template/assets/img/img-02.jpg]
[kofejob.dreamstechnologies.com/html/template/assets/img/blog/blog-02.jpg]
[kofejob.dreamstechnologies.com/html/template/assets/img/img-03.jpg]
[kofejob.dreamstechnologies.com/html/template/assets/img/blog/blog-03.jpg]
[kofejob.dreamstechnologies.com/html/template/assets/img/img-04.jpg]
[kofejob.dreamstechnologies.com/html/template/assets/img/job1.png]
[kofejob.dreamstechnologies.com/html/template/freelancer-portfolio.html]
[kofejob.dreamstechnologies.com/html/template/faq.html]
[kofejob.dreamstechnologies.com/html/template/privacy-policy.html]
[kofejob.dreamstechnologies.com/html/template/term-condition.html]
[kofejob.dreamstechnologies.com/html/template/assets/img/icon/top-icon.svg]
[kofejob.dreamstechnologies.com/html/template/assets/js/jquery-3.7.1.min.js]
[kofejob.dreamstechnologies.com/html/template/assets/js/bootstrap.bundle.min.js]
[kofejob.dreamstechnologies.com/html/template/assets/js/owl.carousel.min.js]
[kofejob.dreamstechnologies.com/html/template/assets/js/jquery.waypoints.js]
[kofejob.dreamstechnologies.com/html/template/assets/js/jquery.counterup.min.js]
[kofejob.dreamstechnologies.com/html/template/assets/plugins/aos/aos.js]
[kofejob.dreamstechnologies.com/html/template/assets/plugins/select2/js/select2.min.js]
[kofejob.dreamstechnologies.com/html/template/assets/js/slick.js]
[kofejob.dreamstechnologies.com/html/template/assets/js/script.js]
[kofejob.dreamstechnologies.com/html/template/index.html]
[kofejob.dreamstechnologies.com/html/template/assets/css/bootstrap.min.css]
[kofejob.dreamstechnologies.com/html/template/assets/plugins/fontawesome/css/fontawesome.min.css]
[kofejob.dreamstechnologies.com/cdn-cgi/scripts/7d0fa10a/cloudflare-static/rocket-loader.min.js]
[kofejob.dreamstechnologies.com/html/template/assets/plugins/fontawesome/webfonts/fa-brands-400.woff2]
[kofejob.dreamstechnologies.com/html/template/assets/plugins/fontawesome/webfonts/fa-brands-400.ttf]
[kofejob.dreamstechnologies.com/html/template/assets/plugins/fontawesome/webfonts/fa-regular-400.woff2]
[kofejob.dreamstechnologies.com/html/template/assets/plugins/fontawesome/webfonts/fa-regular-400.ttf]
[kofejob.dreamstechnologies.com/html/template/assets/plugins/fontawesome/webfonts/fa-solid-900.woff2]
[kofejob.dreamstechnologies.com/html/template/assets/plugins/fontawesome/webfonts/fa-v4compatibility.woff2]
[kofejob.dreamstechnologies.com/html/template/assets/plugins/fontawesome/webfonts/fa-solid-900.ttf]
[kofejob.dreamstechnologies.com/html/template/assets/plugins/fontawesome/css/all.min.css]
[kofejob.dreamstechnologies.com/html/template/assets/plugins/fontawesome/webfonts/fa-v4compatibility.ttf]
[kofejob.dreamstechnologies.com/html/template/assets/css/owl.video.play.png]
[kofejob.dreamstechnologies.com/html/template/assets/css/owl.carousel.min.css]
[kofejob.dreamstechnologies.com/html/template/assets/css/owl.theme.default.min.css]
[kofejob.dreamstechnologies.com/html/template/assets/css/animate.min.css]
[kofejob.dreamstechnologies.com/html/template/assets/css/animate.css]
[kofejob.dreamstechnologies.com/html/template/assets/plugins/feather/fonts/Feather144f.ttf]
[kofejob.dreamstechnologies.com/html/template/assets/plugins/feather/fonts/Feather144f.woff]
[kofejob.dreamstechnologies.com/html/template/assets/plugins/feather/feather.css]
[kofejob.dreamstechnologies.com/html/template/assets/plugins/aos/aos.css]
[kofejob.dreamstechnologies.com/html/template/assets/plugins/select2/css/select2.min.css]
[kofejob.dreamstechnologies.com/html/template/assets/plugins/feather/fonts/Feather144f.svg]
[kofejob.dreamstechnologies.com/html/template/assets/fonts/MaterialIcons-Regular.eot]
[kofejob.dreamstechnologies.com/html/template/assets/fonts/MaterialIcons-Regular.woff2]
[kofejob.dreamstechnologies.com/html/template/assets/fonts/MaterialIcons-Regular.woff]
[kofejob.dreamstechnologies.com/html/template/assets/fonts/MaterialIcons-Regular.ttf]
[kofejob.dreamstechnologies.com/html/template/assets/img/banner1.jpg]
[kofejob.dreamstechnologies.com/html/template/assets/img/bg/bg-07.png]
[kofejob.dreamstechnologies.com/html/template/assets/img/icon/icon-bg.png]
[kofejob.dreamstechnologies.com/html/template/assets/img/bg/bg-08.png]
[kofejob.dreamstechnologies.com/html/template/assets/img/bg/bg-14.png]
[kofejob.dreamstechnologies.com/html/template/assets/img/icon/bg1.png]
[kofejob.dreamstechnologies.com/html/template/assets/img/icon/developer1.png]
[kofejob.dreamstechnologies.com/html/template/assets/img/icon/bg2.png]
[kofejob.dreamstechnologies.com/html/template/assets/img/icon/developer2.png]
[kofejob.dreamstechnologies.com/html/template/assets/img/bg/bg-01.png]
[kofejob.dreamstechnologies.com/html/template/assets/img/bg/bg-02.png]
[kofejob.dreamstechnologies.com/html/template/assets/img/bg/bg-15.png]
[kofejob.dreamstechnologies.com/html/template/assets/img/bg/bg-17.png]
[kofejob.dreamstechnologies.com/html/template/assets/img/bg/about-bg.png]
[kofejob.dreamstechnologies.com/html/template/assets/img/banner3.png]
[kofejob.dreamstechnologies.com/html/template/assets/img/bg/bg-20.png]
[kofejob.dreamstechnologies.com/html/template/assets/img/bg/bg-22.png]
[kofejob.dreamstechnologies.com/html/template/assets/img/bg/bg-frame.png]
[kofejob.dreamstechnologies.com/html/template/assets/img/bg/bg-19.png]
[kofejob.dreamstechnologies.com/html/template/assets/img/bg/bg-21.png]
[kofejob.dreamstechnologies.com/html/template/assets/img/pre.svg]
[kofejob.dreamstechnologies.com/html/template/assets/img/next.svg]
[kofejob.dreamstechnologies.com/html/template/assets/img/bg/bg-23.jpg]
[kofejob.dreamstechnologies.com/html/template/assets/img/bg/bg-24.svg]
[kofejob.dreamstechnologies.com/html/template/assets/img/bg/bg-28.png]
[kofejob.dreamstechnologies.com/html/template/assets/img/bg/bg-27.png]
[kofejob.dreamstechnologies.com/html/template/assets/img/banner6.jpg]
[kofejob.dreamstechnologies.com/html/template/assets/img/bg/bg-29.png]
[kofejob.dreamstechnologies.com/html/template/assets/img/bg/bg-30.png]
[kofejob.dreamstechnologies.com/html/template/assets/img/bg/bg-31.png]
[kofejob.dreamstechnologies.com/html/template/assets/img/bg/bg-32.png]
[kofejob.dreamstechnologies.com/html/template/assets/img/bg/bg-34.png]
[kofejob.dreamstechnologies.com/html/template/assets/img/bg-market.png]
[kofejob.dreamstechnologies.com/html/template/assets/img/bg/bg-33.png]
[kofejob.dreamstechnologies.com/html/template/assets/img/bg/bg-35.png]
[kofejob.dreamstechnologies.com/html/template/assets/img/login-bg.png]
[kofejob.dreamstechnologies.com/html/template/assets/img/inner-banner.jpg]
[kofejob.dreamstechnologies.com/html/template/assets/img/bg/breadcrumb-bg.png]
[kofejob.dreamstechnologies.com/html/template/assets/img/bg/bg-18.png]
[kofejob.dreamstechnologies.com/html/template/assets/img/bg/bg-13.jpg]
[kofejob.dreamstechnologies.com/html/template/assets/img/icons/arrow-left.svg]
[kofejob.dreamstechnologies.com/html/template/assets/img/icon/arrow-left.svg]
[kofejob.dreamstechnologies.com/html/template/assets/img/icon/arrow-right.svg]
[kofejob.dreamstechnologies.com/html/template/assets/img/icon/icon-18.svg]
[kofejob.dreamstechnologies.com/html/template/assets/img/bg-achievement.png]
[kofejob.dreamstechnologies.com/html/template/assets/img/slider/slider-01.jpg]
[kofejob.dreamstechnologies.com/html/template/assets/img/icon/icon-19.png]
[kofejob.dreamstechnologies.com/html/template/assets/css/style.css]
[kofejob.dreamstechnologies.com/html/template/assets/img/load-icon.svg]
[kofejob.dreamstechnologies.com/html/template/assets/img/logo.svg]
[kofejob.dreamstechnologies.com/html/template/assets/img/flags/us.png]
[kofejob.dreamstechnologies.com/html/template/assets/img/flags/fr.png]
[kofejob.dreamstechnologies.com/html/template/assets/img/flags/es.png]
[kofejob.dreamstechnologies.com/html/template/assets/img/flags/de.png]
[kofejob.dreamstechnologies.com/html/template/assets/img/icon/dashboard-line.svg]
[kofejob.dreamstechnologies.com/html/template/assets/img/home-two-banner-bg-01.png]
[kofejob.dreamstechnologies.com/html/template/assets/img/home-two-banner-bg-02.png]
[kofejob.dreamstechnologies.com/html/template/assets/img/plat-form.png]
[kofejob.dreamstechnologies.com/html/template/assets/img/project/project-19.jpg]
[kofejob.dreamstechnologies.com/html/template/assets/img/icon/logo-icon-01.svg]
[kofejob.dreamstechnologies.com/html/template/assets/img/project/project-20.jpg]
[kofejob.dreamstechnologies.com/html/template/assets/img/icon/logo-icon-02.svg]
[kofejob.dreamstechnologies.com/html/template/assets/img/project/project-21.jpg]
[kofejob.dreamstechnologies.com/html/template/assets/img/project/project-22.jpg]
[kofejob.dreamstechnologies.com/html/template/assets/img/icon/logo-icon-03.svg]
[kofejob.dreamstechnologies.com/html/template/assets/img/project/project-23.jpg]
[kofejob.dreamstechnologies.com/html/template/assets/img/project/project-24.jpg]
[kofejob.dreamstechnologies.com/html/template/assets/img/icon/logo-icon-04.svg]
[kofejob.dreamstechnologies.com/html/template/assets/img/user/avatar-21.jpg]
[kofejob.dreamstechnologies.com/html/template/assets/img/user/avatar-22.jpg]
[kofejob.dreamstechnologies.com/html/template/assets/img/user/avatar-23.jpg]
[kofejob.dreamstechnologies.com/html/template/assets/img/user/avatar-24.jpg]
[kofejob.dreamstechnologies.com/html/template/assets/img/user/avatar-25.jpg]
[kofejob.dreamstechnologies.com/html/template/assets/img/user/avatar-26.jpg]
[kofejob.dreamstechnologies.com/html/template/assets/img/user/avatar-27.jpg]
[kofejob.dreamstechnologies.com/html/template/assets/img/user/avatar-28.jpg]
[kofejob.dreamstechnologies.com/html/template/assets/img/icon/skill-icon-01.svg]
[kofejob.dreamstechnologies.com/html/template/assets/img/icon/skill-icon-02.svg]
[kofejob.dreamstechnologies.com/html/template/assets/img/icon/skill-icon-03.svg]
[kofejob.dreamstechnologies.com/html/template/assets/img/icon/skill-icon-04.svg]
[kofejob.dreamstechnologies.com/html/template/assets/img/icon/skill-icon-05.svg]
[kofejob.dreamstechnologies.com/html/template/assets/img/icon/skill-icon-06.svg]
[kofejob.dreamstechnologies.com/html/template/assets/img/icon/skill-icon-07.svg]
[kofejob.dreamstechnologies.com/html/template/assets/img/icon/skill-icon-08.svg]
[kofejob.dreamstechnologies.com/html/template/assets/img/icon/skill-icon-09.svg]
[kofejob.dreamstechnologies.com/html/template/assets/img/icon/skill-icon-10.svg]
[kofejob.dreamstechnologies.com/html/template/assets/img/icon/skill-icon-11.svg]
[kofejob.dreamstechnologies.com/html/template/assets/img/icon/skill-icon-12.svg]
[kofejob.dreamstechnologies.com/html/template/assets/img/icon/skill-icon-13.svg]
[kofejob.dreamstechnologies.com/html/template/assets/img/icon/skill-icon-14.svg]
[kofejob.dreamstechnologies.com/html/template/assets/img/icon/skill-icon-15.svg]
[kofejob.dreamstechnologies.com/html/template/assets/img/icon/skill-icon-16.svg]
[kofejob.dreamstechnologies.com/html/template/assets/img/icon/skill-icon-17.svg]
[kofejob.dreamstechnologies.com/html/template/assets/img/icon/skill-icon-18.svg]
[kofejob.dreamstechnologies.com/html/template/assets/img/icon/skill-icon-19.svg]
[kofejob.dreamstechnologies.com/html/template/assets/img/icon/skill-icon-20.svg]
[kofejob.dreamstechnologies.com/html/template/assets/img/icon/skill-icon-21.svg]
[kofejob.dreamstechnologies.com/html/template/assets/img/icon/skill-icon-22.svg]
[kofejob.dreamstechnologies.com/html/template/assets/img/icon/skill-icon-23.svg]
[kofejob.dreamstechnologies.com/html/template/assets/img/icon/skill-icon-24.svg]
[kofejob.dreamstechnologies.com/html/template/assets/img/icon/skill-icon-25.svg]
[kofejob.dreamstechnologies.com/html/template/assets/img/icon/great-icon-01.svg]
[kofejob.dreamstechnologies.com/html/template/assets/img/icon/great-icon-02.svg]
[kofejob.dreamstechnologies.com/html/template/assets/img/icon/great-icon-03.svg]
[kofejob.dreamstechnologies.com/html/template/assets/img/icon/great-icon-04.svg]
[kofejob.dreamstechnologies.com/html/template/assets/img/about-it-01.jpg]
[kofejob.dreamstechnologies.com/html/template/assets/img/about-it-02.jpg]
[kofejob.dreamstechnologies.com/html/template/assets/img/location/location-01.jpg]
[kofejob.dreamstechnologies.com/html/template/assets/img/location/location-02.jpg]
[kofejob.dreamstechnologies.com/html/template/assets/img/location/location-03.jpg]
[kofejob.dreamstechnologies.com/html/template/assets/img/location/location-04.jpg]
[kofejob.dreamstechnologies.com/html/template/assets/img/location/location-05.jpg]
[kofejob.dreamstechnologies.com/html/template/assets/img/location/location-06.jpg]
[kofejob.dreamstechnologies.com/html/template/assets/img/location/location-07.jpg]
[kofejob.dreamstechnologies.com/html/template/assets/img/location/location-08.jpg]
[kofejob.dreamstechnologies.com/html/template/assets/img/company-logo-01.svg]
[kofejob.dreamstechnologies.com/html/template/assets/img/company-logo-02.svg]
[kofejob.dreamstechnologies.com/html/template/assets/img/company-logo-03.svg]
[kofejob.dreamstechnologies.com/html/template/assets/img/company-logo-04.svg]
[kofejob.dreamstechnologies.com/html/template/assets/img/company-logo-05.svg]
[kofejob.dreamstechnologies.com/html/template/assets/img/blog/blog-12.jpg]
[kofejob.dreamstechnologies.com/html/template/assets/img/company-logo-06.svg]
[kofejob.dreamstechnologies.com/html/template/assets/img/blog/blog-13.jpg]
[kofejob.dreamstechnologies.com/html/template/assets/img/blog/blog-14.jpg]
[kofejob.dreamstechnologies.com/html/template/assets/img/bg/job-sec-bg-01.png]
[kofejob.dreamstechnologies.com/html/template/assets/img/bg/job-sec-bg-02.png]
[kofejob.dreamstechnologies.com/html/template/index-2.html]
[kofejob.dreamstechnologies.com/cdn-cgi/scripts/5c5dd728/cloudflare-static/email-decode.min.js]
[kofejob.dreamstechnologies.com/html/template/assets/img/icon/gift-box.svg]
[kofejob.dreamstechnologies.com/html/template/assets/img/logo-white.svg]
[kofejob.dreamstechnologies.com/html/template/assets/img/user/banner-user-01.jpg]
[kofejob.dreamstechnologies.com/html/template/assets/img/user/banner-user-02.jpg]
[kofejob.dreamstechnologies.com/html/template/assets/img/user/banner-user-03.jpg]
[kofejob.dreamstechnologies.com/html/template/assets/img/icon/category-01.svg]
[kofejob.dreamstechnologies.com/html/template/assets/img/icon/category-09.svg]
[kofejob.dreamstechnologies.com/html/template/assets/img/icon/category-02.svg]
[kofejob.dreamstechnologies.com/html/template/assets/img/icon/category-10.svg]
[kofejob.dreamstechnologies.com/html/template/assets/img/icon/category-03.svg]
[kofejob.dreamstechnologies.com/html/template/assets/img/icon/category-11.svg]
[kofejob.dreamstechnologies.com/html/template/assets/img/icon/category-04.svg]
[kofejob.dreamstechnologies.com/html/template/assets/img/icon/category-12.svg]
[kofejob.dreamstechnologies.com/html/template/assets/img/icon/category-05.svg]
[kofejob.dreamstechnologies.com/html/template/assets/img/icon/category-13.svg]
[kofejob.dreamstechnologies.com/html/template/assets/img/icon/category-06.svg]
[kofejob.dreamstechnologies.com/html/template/assets/img/icon/category-14.svg]
[kofejob.dreamstechnologies.com/html/template/assets/img/icon/category-07.svg]
[kofejob.dreamstechnologies.com/html/template/assets/img/icon/category-15.svg]
[kofejob.dreamstechnologies.com/html/template/assets/img/icon/category-08.svg]
[kofejob.dreamstechnologies.com/html/template/assets/img/icon/category-16.svg]
[kofejob.dreamstechnologies.com/html/template/assets/img/market-place.png]
[kofejob.dreamstechnologies.com/html/template/assets/img/project/project-25.jpg]
[kofejob.dreamstechnologies.com/html/template/assets/img/project/project-26.jpg]
[kofejob.dreamstechnologies.com/html/template/assets/img/project/project-27.jpg]
[kofejob.dreamstechnologies.com/html/template/assets/img/icon/count-icon-01.svg]
[kofejob.dreamstechnologies.com/html/template/assets/img/icon/count-icon-02.svg]
[kofejob.dreamstechnologies.com/html/template/assets/img/icon/count-icon-03.svg]
[kofejob.dreamstechnologies.com/html/template/assets/img/icon/count-icon-04.svg]
[kofejob.dreamstechnologies.com/html/template/assets/img/developer/developer-05.jpg]
[kofejob.dreamstechnologies.com/html/template/assets/img/icon/verify-badge.svg]
[kofejob.dreamstechnologies.com/html/template/assets/img/developer/developer-06.jpg]
[kofejob.dreamstechnologies.com/html/template/assets/img/developer/developer-07.jpg]
[kofejob.dreamstechnologies.com/html/template/assets/img/developer/developer-08.jpg]
[kofejob.dreamstechnologies.com/html/template/assets/img/user/review-user-01.jpg]
[kofejob.dreamstechnologies.com/html/template/assets/img/icon/user-quates.svg]
[kofejob.dreamstechnologies.com/html/template/assets/img/user/review-user-02.jpg]
[kofejob.dreamstechnologies.com/html/template/assets/img/user/review-user-03.jpg]
[kofejob.dreamstechnologies.com/html/template/assets/img/blog/blog-21.jpg]
[kofejob.dreamstechnologies.com/html/template/assets/img/blog/blog-list-01.jpg]
[kofejob.dreamstechnologies.com/html/template/assets/img/blog/blog-list-02.jpg]
[kofejob.dreamstechnologies.com/html/template/assets/img/blog/blog-list-03.jpg]
[kofejob.dreamstechnologies.com/html/template/assets/img/img-05.jpg]
[kofejob.dreamstechnologies.com/html/template/assets/img/app-store.svg]
[kofejob.dreamstechnologies.com/html/template/index-3.html]
[kofejob.dreamstechnologies.com/html/template/assets/img/google-play.svg]
[kofejob.dreamstechnologies.com/html/template/assets/img/happy-young-man.png]
[kofejob.dreamstechnologies.com/html/template/assets/img/user/avatar-12.jpg]
[kofejob.dreamstechnologies.com/html/template/assets/img/icon/great1.svg]
[kofejob.dreamstechnologies.com/html/template/assets/img/icon/great2.svg]
[kofejob.dreamstechnologies.com/html/template/assets/img/icon/great3.svg]
[kofejob.dreamstechnologies.com/html/template/assets/img/icon/great4.svg]
[kofejob.dreamstechnologies.com/html/template/assets/img/icon/verified-badge-fill.svg]
[kofejob.dreamstechnologies.com/html/template/assets/img/plat-form1.png]
[kofejob.dreamstechnologies.com/html/template/assets/img/project/project-29.jpg]
[kofejob.dreamstechnologies.com/html/template/assets/img/project/project-30.jpg]
[kofejob.dreamstechnologies.com/html/template/assets/img/project/project-31.jpg]
[kofejob.dreamstechnologies.com/html/template/assets/img/icon/great5.svg]
[kofejob.dreamstechnologies.com/html/template/assets/img/icon/great6.svg]
[kofejob.dreamstechnologies.com/html/template/assets/img/icon/great7.svg]
[kofejob.dreamstechnologies.com/html/template/assets/img/icon/great8.svg]
[kofejob.dreamstechnologies.com/html/template/assets/img/location/loc1.jpg]
[kofejob.dreamstechnologies.com/html/template/assets/img/location/loc2.jpg]
[kofejob.dreamstechnologies.com/html/template/assets/img/location/loc3.jpg]
[kofejob.dreamstechnologies.com/html/template/assets/img/location/loc4.jpg]
[kofejob.dreamstechnologies.com/html/template/assets/img/markrt-place-img1.jpg]
[kofejob.dreamstechnologies.com/html/template/assets/img/markrt-place-img2.jpg]
[kofejob.dreamstechnologies.com/html/template/assets/img/markrt-place-img3.jpg]
[kofejob.dreamstechnologies.com/html/template/assets/img/faqs.jpg]
[kofejob.dreamstechnologies.com/html/template/assets/img/blog/blog-15.jpg]
[kofejob.dreamstechnologies.com/html/template/assets/img/blog/blog1.jpg]
[kofejob.dreamstechnologies.com/html/template/assets/img/blog/blog2.jpg]
[kofejob.dreamstechnologies.com/html/template/index-4.html]
[kofejob.dreamstechnologies.com/html/template/company-details.html]
[kofejob.dreamstechnologies.com/html/template/assets/img/icon/trusted1.svg]
[kofejob.dreamstechnologies.com/html/template/assets/img/icon/trusted2.svg]
[kofejob.dreamstechnologies.com/html/template/assets/img/icon/trusted3.svg]
[kofejob.dreamstechnologies.com/html/template/assets/img/icon/trusted4.svg]
[kofejob.dreamstechnologies.com/html/template/assets/img/icon/trusted5.svg]
[kofejob.dreamstechnologies.com/html/template/assets/img/slider/category-img-1.jpg]
[kofejob.dreamstechnologies.com/html/template/assets/img/slider/category-img-2.jpg]
[kofejob.dreamstechnologies.com/html/template/assets/img/slider/category-img-3.jpg]
[kofejob.dreamstechnologies.com/html/template/assets/img/slider/category-img-4.jpg]
[kofejob.dreamstechnologies.com/html/template/assets/img/slider/category-img-5.jpg]
[kofejob.dreamstechnologies.com/html/template/assets/img/project/project-35.jpg]
[kofejob.dreamstechnologies.com/html/template/assets/img/project/project-36.jpg]
[kofejob.dreamstechnologies.com/html/template/assets/img/project/project-37.png]
[kofejob.dreamstechnologies.com/html/template/assets/img/work4.png]
[kofejob.dreamstechnologies.com/html/template/assets/img/icon/recent-icon-04.svg]
[kofejob.dreamstechnologies.com/html/template/assets/img/icon/recent-icon-05.svg]
[kofejob.dreamstechnologies.com/html/template/assets/img/icon/recent-icon-06.svg]
[kofejob.dreamstechnologies.com/html/template/assets/img/platform-img1.png]
[kofejob.dreamstechnologies.com/html/template/assets/img/developer/developer-13.jpg]
[kofejob.dreamstechnologies.com/html/template/assets/img/icon/dollar-developper.svg]
[kofejob.dreamstechnologies.com/html/template/assets/img/developer/developer-14.jpg]
[kofejob.dreamstechnologies.com/html/template/assets/img/developer/developer-15.jpg]
[kofejob.dreamstechnologies.com/html/template/assets/img/developer/developer-16.jpg]
[kofejob.dreamstechnologies.com/html/template/assets/img/quote-02.svg]
[kofejob.dreamstechnologies.com/html/template/assets/img/quote-01.svg]
[kofejob.dreamstechnologies.com/html/template/assets/img/opportunity.png]
[kofejob.dreamstechnologies.com/html/template/index-5.html]
[kofejob.dreamstechnologies.com/html/template/developer-list.html]
[kofejob.dreamstechnologies.com/html/template/assets/img/user/avatar-6.jpg]
[kofejob.dreamstechnologies.com/html/template/assets/img/user/avatar-7.jpg]
[kofejob.dreamstechnologies.com/html/template/assets/img/user/avatar-8.jpg]
[kofejob.dreamstechnologies.com/html/template/assets/img/user/avatar-9.jpg]
[kofejob.dreamstechnologies.com/html/template/assets/img/user/avatar-10.jpg]
[kofejob.dreamstechnologies.com/html/template/assets/img/user/avatar-11.jpg]
[kofejob.dreamstechnologies.com/html/template/assets/plugins/theia-sticky-sidebar/ResizeSensor.js]
[kofejob.dreamstechnologies.com/html/template/assets/plugins/theia-sticky-sidebar/theia-sticky-sidebar.js]
[kofejob.dreamstechnologies.com/html/template/developer.html]
[kofejob.dreamstechnologies.com/html/template/assets/js/profile-settings.js]
[kofejob.dreamstechnologies.com/html/template/assets/css/bootstrap-datetimepicker.min.css]
[kofejob.dreamstechnologies.com/html/template/assets/plugins/summernote/dist/summernote-lite.css]
[kofejob.dreamstechnologies.com/html/template/assets/img/icon/computer-line.svg]
[kofejob.dreamstechnologies.com/html/template/assets/img/icon/time-line.svg]
[kofejob.dreamstechnologies.com/html/template/assets/img/icon/user-heart-line.svg]
[kofejob.dreamstechnologies.com/html/template/assets/img/icon/translate-2.svg]
[kofejob.dreamstechnologies.com/html/template/assets/img/icon/translate.svg]
[kofejob.dreamstechnologies.com/html/template/assets/img/icon/expereience.png]
[kofejob.dreamstechnologies.com/html/template/assets/img/icon/report.png]
[kofejob.dreamstechnologies.com/html/template/assets/img/logo-01.png]
[kofejob.dreamstechnologies.com/html/template/assets/plugins/moment/moment.min.js]
[kofejob.dreamstechnologies.com/html/template/assets/js/bootstrap-datetimepicker.min.js]
[kofejob.dreamstechnologies.com/html/template/developer-details.html]
[kofejob.dreamstechnologies.com/html/template/assets/plugins/summernote/dist/summernote-lite.min.js]
[kofejob.dreamstechnologies.com/html/template/assets/img/icon/message-chat-icon.svg]
[kofejob.dreamstechnologies.com/html/template/assets/img/icon/notification-bell-icon.svg]
[kofejob.dreamstechnologies.com/html/template/notification.html]
[kofejob.dreamstechnologies.com/html/template/assets/img/avatar/avatar-2.jpg]
[kofejob.dreamstechnologies.com/html/template/assets/img/avatar/avatar-1.jpg]
[kofejob.dreamstechnologies.com/html/template/assets/img/avatar/avatar-3.jpg]
[kofejob.dreamstechnologies.com/html/template/assets/img/avatar/avatar-4.jpg]
[kofejob.dreamstechnologies.com/html/template/assets/img/user/table-avatar-03.jpg]
[kofejob.dreamstechnologies.com/html/template/assets/img/icon/user-dropdown-icon--01.svg]
[kofejob.dreamstechnologies.com/html/template/assets/img/icon/user-dropdown-icon--02.svg]
[kofejob.dreamstechnologies.com/html/template/assets/img/icon/user-dropdown-icon--03.svg]
[kofejob.dreamstechnologies.com/html/template/assets/img/icon/user-dropdown-icon--04.svg]
[kofejob.dreamstechnologies.com/html/template/assets/img/icon/user-dropdown-icon--05.svg]
[kofejob.dreamstechnologies.com/html/template/assets/img/icon/user-dropdown-icon--06.svg]
[kofejob.dreamstechnologies.com/html/template/assets/img/icon/user-dropdown-icon--07.svg]
[kofejob.dreamstechnologies.com/html/template/freelancer-profile.html]
[kofejob.dreamstechnologies.com/html/template/assets/img/icon/verified-badge.svg]
[kofejob.dreamstechnologies.com/html/template/assets/img/icon/sidebar-icon-01.svg]
[kofejob.dreamstechnologies.com/html/template/assets/img/icon/sidebar-icon-02.svg]
[kofejob.dreamstechnologies.com/html/template/ongoing-projects.html]
[kofejob.dreamstechnologies.com/html/template/completed-projects.html]
[kofejob.dreamstechnologies.com/html/template/pending-projects.html]
[kofejob.dreamstechnologies.com/html/template/cancelled-projects.html]
[kofejob.dreamstechnologies.com/html/template/expired-projects.html]
[kofejob.dreamstechnologies.com/html/template/assets/img/icon/sidebar-icon-03.svg]
[kofejob.dreamstechnologies.com/html/template/invited-favourites.html]
[kofejob.dreamstechnologies.com/html/template/assets/img/icon/sidebar-icon-04.svg]
[kofejob.dreamstechnologies.com/html/template/assets/img/icon/sidebar-icon-06.svg]
[kofejob.dreamstechnologies.com/html/template/assets/img/icon/sidebar-icon-07.svg]
[kofejob.dreamstechnologies.com/html/template/assets/img/icon/sidebar-icon-10.svg]
[kofejob.dreamstechnologies.com/html/template/change-password.html]
[kofejob.dreamstechnologies.com/html/template/delete-account.html]
[kofejob.dreamstechnologies.com/html/template/assets/img/icon/sidebar-icon-11.svg]
[kofejob.dreamstechnologies.com/html/template/assets/img/icon/freelancer-dashboard-icon-01.svg]
[kofejob.dreamstechnologies.com/html/template/freelancer-completed-projects.html]
[kofejob.dreamstechnologies.com/html/template/assets/img/icon/freelancer-dashboard-icon-02.svg]
[kofejob.dreamstechnologies.com/html/template/assets/img/icon/freelancer-dashboard-icon-03.svg]
[kofejob.dreamstechnologies.com/html/template/assets/img/icon/freelancer-dashboard-icon-04.svg]
[kofejob.dreamstechnologies.com/html/template/view-project-detail.html]
[kofejob.dreamstechnologies.com/html/template/dashboard.html]
[kofejob.dreamstechnologies.com/html/template/assets/plugins/apexchart/chart-data.js]
[kofejob.dreamstechnologies.com/html/template/assets/plugins/apexchart/apexcharts.min.js]
[kofejob.dreamstechnologies.com/html/template/company-profile.html]
[kofejob.dreamstechnologies.com/html/template/assets/img/default-logo.svg]
[kofejob.dreamstechnologies.com/html/template/assets/img/icon/flag-icon.svg]
[kofejob.dreamstechnologies.com/html/template/assets/img/user/user-04.jpg]
[kofejob.dreamstechnologies.com/html/template/assets/img/user/table-avatar-02.jpg]
[kofejob.dreamstechnologies.com/html/template/manage-projects.html]
[kofejob.dreamstechnologies.com/html/template/assets/plugins/datatables/datatables.min.css]
[kofejob.dreamstechnologies.com/html/template/assets/img/user/user-02.jpg]
[kofejob.dreamstechnologies.com/html/template/assets/img/user/proposal-user-02.jpg]
[kofejob.dreamstechnologies.com/html/template/assets/img/user/table-avatar-05.jpg]
[kofejob.dreamstechnologies.com/html/template/assets/img/user/user-03.jpg]
[kofejob.dreamstechnologies.com/html/template/assets/img/user/table-avatar-04.jpg]
[kofejob.dreamstechnologies.com/html/template/assets/plugins/datatables/jquery.dataTables.min.js]
[kofejob.dreamstechnologies.com/html/template/favourites.html]
[kofejob.dreamstechnologies.com/html/template/assets/plugins/datatables/datatables.min.js]
[kofejob.dreamstechnologies.com/html/template/assets/img/paypal.svg]
[kofejob.dreamstechnologies.com/html/template/assets/img/stripe.svg]
[kofejob.dreamstechnologies.com/html/template/membership-plans.html]
[kofejob.dreamstechnologies.com/html/template/assets/img/bank.svg]
[kofejob.dreamstechnologies.com/html/template/tasks.html]
[kofejob.dreamstechnologies.com/html/template/files.html]
[kofejob.dreamstechnologies.com/html/template/project-payment.html]
[kofejob.dreamstechnologies.com/html/template/milestones.html]
[kofejob.dreamstechnologies.com/html/template/assets/js/moment.min.js]
[kofejob.dreamstechnologies.com/html/template/assets/plugins/fancybox/jquery.fancybox.min.css]
[kofejob.dreamstechnologies.com/html/template/assets/plugins/boxicons/css/boxicons.min.css]
[kofejob.dreamstechnologies.com/html/template/assets/plugins/swiper/swiper.min.css]
[kofejob.dreamstechnologies.com/html/template/assets/css/chat.css]
[kofejob.dreamstechnologies.com/html/template/chat.html]
[kofejob.dreamstechnologies.com/html/template/assets/img/avatar/avatar-7.jpg]
[kofejob.dreamstechnologies.com/html/template/assets/img/avatar/avatar-5.jpg]
[kofejob.dreamstechnologies.com/html/template/assets/img/avatar/avatar-13.jpg]
[kofejob.dreamstechnologies.com/html/template/assets/img/avatar/avatar-9.jpg]
[kofejob.dreamstechnologies.com/html/template/assets/img/avatar/avatar-8.jpg]
[kofejob.dreamstechnologies.com/html/template/assets/img/avatar/avatar-6.jpg]
[kofejob.dreamstechnologies.com/html/template/assets/img/icon/emoj-icon-01.svg]
[kofejob.dreamstechnologies.com/html/template/assets/img/icon/emoj-icon-02.svg]
[kofejob.dreamstechnologies.com/html/template/assets/img/icon/emoj-icon-03.svg]
[kofejob.dreamstechnologies.com/html/template/assets/img/icon/emoj-icon-04.svg]
[kofejob.dreamstechnologies.com/html/template/assets/img/icon/emoj-icon-05.svg]
[kofejob.dreamstechnologies.com/html/template/assets/img/icon/play-01.svg]
[kofejob.dreamstechnologies.com/html/template/assets/img/voice.svg]
[kofejob.dreamstechnologies.com/html/template/assets/img/avatar/avatar-10.jpg]
[kofejob.dreamstechnologies.com/html/template/assets/img/award.jpg]
[kofejob.dreamstechnologies.com/html/template/assets/img/media/media-big-02.jpg]
[kofejob.dreamstechnologies.com/html/template/assets/img/media/media-02.jpg]
[kofejob.dreamstechnologies.com/html/template/assets/img/media/media-big-03.jpg]
[kofejob.dreamstechnologies.com/html/template/assets/img/media/media-03.jpg]
[kofejob.dreamstechnologies.com/html/template/assets/img/media/media-big-01.jpg]
[kofejob.dreamstechnologies.com/html/template/assets/img/media/media-01.jpg]
[kofejob.dreamstechnologies.com/html/template/assets/img/icon/like.svg]
[kofejob.dreamstechnologies.com/html/template/assets/img/icon/heart.svg]
[kofejob.dreamstechnologies.com/html/template/audio-call.html]
[kofejob.dreamstechnologies.com/html/template/video-call.html]
[kofejob.dreamstechnologies.com/html/template/assets/img/media/media-big-04.jpg]
[kofejob.dreamstechnologies.com/html/template/assets/img/media/media-04.jpg]
[kofejob.dreamstechnologies.com/html/template/assets/img/media/media-05.jpg]
[kofejob.dreamstechnologies.com/html/template/assets/img/media-link-01.jpg]
[kofejob.dreamstechnologies.com/html/template/assets/img/media-link-02.jpg]
[kofejob.dreamstechnologies.com/html/template/assets/img/avatar/avatar-14.png]
[kofejob.dreamstechnologies.com/html/template/assets/img/avatar/avatar-15.png]
[kofejob.dreamstechnologies.com/html/template/voice-call.html]
[kofejob.dreamstechnologies.com/html/template/assets/js/jquery.slimscroll.min.js]
[kofejob.dreamstechnologies.com/html/template/assets/plugins/fancybox/jquery.fancybox.min.js]
[kofejob.dreamstechnologies.com/html/template/chats.html]
[kofejob.dreamstechnologies.com/html/template/review.html]
[kofejob.dreamstechnologies.com/html/template/assets/plugins/swiper/swiper.min.js]
[kofejob.dreamstechnologies.com/html/template/assets/img/icon/money-dollar-box-line.svg]
[kofejob.dreamstechnologies.com/html/template/assets/img/icon/wallet-icon.svg]
[kofejob.dreamstechnologies.com/html/template/assets/img/icon/install-line.svg]
[kofejob.dreamstechnologies.com/html/template/deposit-funds.html]
[kofejob.dreamstechnologies.com/html/template/verify-identity.html]
[kofejob.dreamstechnologies.com/html/template/profile-settings.html]
[kofejob.dreamstechnologies.com/html/template/assets/img/icon/uninstall-line.svg]
[kofejob.dreamstechnologies.com/html/template/project-list.html]
[kofejob.dreamstechnologies.com/html/template/assets/img/company/img-1.png]
[kofejob.dreamstechnologies.com/html/template/assets/img/company/img-2.png]
[kofejob.dreamstechnologies.com/html/template/assets/img/company/img-3.png]
[kofejob.dreamstechnologies.com/html/template/assets/img/company/img-4.png]
[kofejob.dreamstechnologies.com/html/template/assets/img/company/img-5.png]
[kofejob.dreamstechnologies.com/html/template/assets/img/company/img-6.png]
[kofejob.dreamstechnologies.com/html/template/assets/img/company/img-7.png]
[kofejob.dreamstechnologies.com/html/template/assets/img/company/img-8.png]
[kofejob.dreamstechnologies.com/html/template/assets/img/company/img-9.png]
[kofejob.dreamstechnologies.com/html/template/project.html]
[kofejob.dreamstechnologies.com/html/template/project-details.html]
[kofejob.dreamstechnologies.com/html/template/freelancer-statement.html]
[kofejob.dreamstechnologies.com/html/template/freelancer-ongoing-projects.html]
[kofejob.dreamstechnologies.com/html/template/freelancer-cancelled-projects.html]
[kofejob.dreamstechnologies.com/html/template/freelancer-invitations.html]
[kofejob.dreamstechnologies.com/html/template/assets/img/icon/sidebar-icon-05.svg]
[kofejob.dreamstechnologies.com/html/template/freelancer-payout.html]
[kofejob.dreamstechnologies.com/html/template/assets/img/icon/sidebar-icon-08.svg]
[kofejob.dreamstechnologies.com/html/template/assets/img/icon/sidebar-icon-09.svg]
[kofejob.dreamstechnologies.com/html/template/freelancer-dashboard.html]
[kofejob.dreamstechnologies.com/html/template/developer-profile.html]
[kofejob.dreamstechnologies.com/html/template/freelancer-delete-account.html]
[kofejob.dreamstechnologies.com/html/template/freelancer-view-project-detail.html]
[kofejob.dreamstechnologies.com/html/template/assets/img/user/proposal-user-01.jpg]
[kofejob.dreamstechnologies.com/html/template/assets/img/user/proposal-user-03.jpg]
[kofejob.dreamstechnologies.com/html/template/freelancer-project-proposals.html]
[kofejob.dreamstechnologies.com/html/template/freelancer-favourites.html]
[kofejob.dreamstechnologies.com/html/template/freelancer-membership.html]
[kofejob.dreamstechnologies.com/html/template/assets/img/icon/bank-line.svg]
[kofejob.dreamstechnologies.com/html/template/freelancer-change-password.html]
[kofejob.dreamstechnologies.com/html/template/freelancer-chats.html]
[kofejob.dreamstechnologies.com/html/template/freelancer-review.html]
[kofejob.dreamstechnologies.com/html/template/freelancer-withdraw-money.html]
[kofejob.dreamstechnologies.com/html/template/freelancer-verify-identity.html]
[kofejob.dreamstechnologies.com/html/template/assets/img/icon/paypal-line.svg]
[kofejob.dreamstechnologies.com/html/template/freelancer-profile-settings.html]
[kofejob.dreamstechnologies.com/html/template/assets/img/icon/user-img.svg]
[kofejob.dreamstechnologies.com/html/template/assets/img/blog/aboutus.jpg]
[kofejob.dreamstechnologies.com/html/template/assets/img/blog/aboutus1.jpg]
[kofejob.dreamstechnologies.com/html/template/assets/img/icon/checks.svg]
[kofejob.dreamstechnologies.com/html/template/assets/img/blog/abt3.png]
[kofejob.dreamstechnologies.com/html/template/about.html]
[kofejob.dreamstechnologies.com/html/template/freelancer-bookmarks.html]
[kofejob.dreamstechnologies.com/html/template/blank-page.html]
[kofejob.dreamstechnologies.com/html/template/assets/img/404.png]
[kofejob.dreamstechnologies.com/html/template/404-page.html]
[kofejob.dreamstechnologies.com/html/template/assets/img/icon/google-icon.svg]
[kofejob.dreamstechnologies.com/html/template/assets/img/icon/fb-icon.svg]
[kofejob.dreamstechnologies.com/html/template/login.html]
[kofejob.dreamstechnologies.com/html/template/register.html]
[kofejob.dreamstechnologies.com/html/template/assets/img/icon/ios-icon.svg]
[kofejob.dreamstechnologies.com/html/template/assets/img/icon/wizard-icon-01.svg]
[kofejob.dreamstechnologies.com/html/template/assets/img/icon/wizard-icon-02.svg]
[kofejob.dreamstechnologies.com/html/template/assets/img/icon/wizard-icon-03.svg]
[kofejob.dreamstechnologies.com/html/template/assets/img/icon/wizard-icon-04.svg]
[kofejob.dreamstechnologies.com/html/template/assets/img/icon/wizard-icon-05.svg]
[kofejob.dreamstechnologies.com/html/template/assets/img/select-04.svg]
[kofejob.dreamstechnologies.com/html/template/onboard-screen-employer.html]
[kofejob.dreamstechnologies.com/html/template/assets/img/select-05.svg]
[kofejob.dreamstechnologies.com/html/template/assets/img/icon/mail.png]
[kofejob.dreamstechnologies.com/html/template/assets/js/circle-progress.min.js]
[kofejob.dreamstechnologies.com/html/template/onboard-screen.html]
[kofejob.dreamstechnologies.com/html/template/forgot-password.html]
[kofejob.dreamstechnologies.com/html/template/change-passwords.html]
[kofejob.dreamstechnologies.com/html/template/assets/img/blog/blog-thumb-03.jpg]
[kofejob.dreamstechnologies.com/html/template/assets/img/blog/blog-thumb-02.jpg]
[kofejob.dreamstechnologies.com/html/template/assets/img/blog/blog-thumb-01.jpg]
[kofejob.dreamstechnologies.com/html/template/blog-list.html]
[kofejob.dreamstechnologies.com/html/template/assets/img/blog/blog-04.jpg]
[kofejob.dreamstechnologies.com/html/template/assets/img/blog/blog-05.jpg]
[kofejob.dreamstechnologies.com/html/template/assets/img/blog/blog-06.jpg]
[kofejob.dreamstechnologies.com/html/template/blog-grid.html]
[kofejob.dreamstechnologies.com/html/template/blog-details.html]
[kofejob.dreamstechnologies.com/html/template/admin/assets/img/favicon.png]
[kofejob.dreamstechnologies.com/html/template/admin/assets/css/bootstrap.min.css]
[kofejob.dreamstechnologies.com/html/template/admin/assets/plugins/fontawesome/css/fontawesome.min.css]
[kofejob.dreamstechnologies.com/html/template/admin/assets/plugins/fontawesome/css/all.min.css]
[kofejob.dreamstechnologies.com/html/template/admin/assets/css/feather.css]
[kofejob.dreamstechnologies.com/html/template/admin/assets/plugins/select2/css/select2.min.css]
[kofejob.dreamstechnologies.com/html/template/admin/assets/css/bootstrap-datetimepicker.min.css]
[kofejob.dreamstechnologies.com/html/template/admin/assets/plugins/datatables/datatables.min.css]
[kofejob.dreamstechnologies.com/html/template/admin/assets/css/style.css]
[kofejob.dreamstechnologies.com/html/template/admin/assets/img/logo.png]
[kofejob.dreamstechnologies.com/html/template/admin/assets/img/logo-small.png]
[kofejob.dreamstechnologies.com/html/template/admin/assets/img/profiles/avatar-02.jpg]
[kofejob.dreamstechnologies.com/html/template/admin/assets/img/profiles/avatar-03.jpg]
[kofejob.dreamstechnologies.com/html/template/admin/assets/img/profiles/avatar-04.jpg]
[kofejob.dreamstechnologies.com/html/template/admin/assets/img/profiles/avatar-07.jpg]
[kofejob.dreamstechnologies.com/html/template/admin/profile.html]
[kofejob.dreamstechnologies.com/html/template/admin/settings.html]
[kofejob.dreamstechnologies.com/html/template/admin/login.html]
[kofejob.dreamstechnologies.com/html/template/admin/categories.html]
[kofejob.dreamstechnologies.com/html/template/admin/projects.html]
[kofejob.dreamstechnologies.com/html/template/admin/users.html]
[kofejob.dreamstechnologies.com/html/template/admin/deposit.html]
[kofejob.dreamstechnologies.com/html/template/admin/withdrawn.html]
[kofejob.dreamstechnologies.com/html/template/admin/transaction.html]
[kofejob.dreamstechnologies.com/html/template/admin/providers.html]
[kofejob.dreamstechnologies.com/html/template/admin/subscription.html]
[kofejob.dreamstechnologies.com/html/template/admin/reports.html]
[kofejob.dreamstechnologies.com/html/template/admin/roles.html]
[kofejob.dreamstechnologies.com/html/template/admin/skills.html]
[kofejob.dreamstechnologies.com/html/template/admin/verify-identity.html]
[kofejob.dreamstechnologies.com/html/template/admin/components.html]
[kofejob.dreamstechnologies.com/html/template/admin/form-basic-inputs.html]
[kofejob.dreamstechnologies.com/html/template/admin/form-input-groups.html]
[kofejob.dreamstechnologies.com/html/template/admin/form-horizontal.html]
[kofejob.dreamstechnologies.com/html/template/admin/form-vertical.html]
[kofejob.dreamstechnologies.com/html/template/admin/form-mask.html]
[kofejob.dreamstechnologies.com/html/template/admin/form-validation.html]
[kofejob.dreamstechnologies.com/html/template/admin/tables-basic.html]
[kofejob.dreamstechnologies.com/html/template/admin/data-tables.html]
[kofejob.dreamstechnologies.com/html/template/admin/assets/img/profiles/avatar-14.jpg]
[kofejob.dreamstechnologies.com/html/template/admin/assets/img/profiles/avatar-01.jpg]
[kofejob.dreamstechnologies.com/html/template/admin/assets/img/profiles/avatar-15.jpg]
[kofejob.dreamstechnologies.com/html/template/admin/assets/img/profiles/avatar-16.jpg]
[kofejob.dreamstechnologies.com/html/template/admin/assets/img/profiles/avatar-11.jpg]
[kofejob.dreamstechnologies.com/html/template/admin/assets/img/profiles/avatar-05.jpg]
[kofejob.dreamstechnologies.com/html/template/admin/assets/img/profiles/avatar-06.jpg]
[kofejob.dreamstechnologies.com/html/template/admin/assets/img/profiles/avatar-10.jpg]
[kofejob.dreamstechnologies.com/html/template/admin/assets/js/jquery-3.7.1.min.js]
[kofejob.dreamstechnologies.com/html/template/admin/assets/js/bootstrap.bundle.min.js]
[kofejob.dreamstechnologies.com/html/template/admin/assets/js/feather.min.js]
[kofejob.dreamstechnologies.com/html/template/admin/assets/plugins/slimscroll/jquery.slimscroll.min.js]
[kofejob.dreamstechnologies.com/html/template/admin/assets/plugins/select2/js/select2.min.js]
[kofejob.dreamstechnologies.com/html/template/admin/assets/plugins/datatables/jquery.dataTables.min.js]
[kofejob.dreamstechnologies.com/html/template/admin/assets/plugins/datatables/datatables.min.js]
[kofejob.dreamstechnologies.com/html/template/admin/index.html]
[kofejob.dreamstechnologies.com/html/template/assets/img/icon/users.svg]
[kofejob.dreamstechnologies.com/html/template/assets/img/icon/lock.svg]
[kofejob.dreamstechnologies.com/html/template/admin/assets/js/script.js]
[kofejob.dreamstechnologies.com/html/template/assets/plugins/bootstrap-tagsinput/css/bootstrap-tagsinput.css]
[kofejob.dreamstechnologies.com/html/template/assets/img/icon/check-success.svg]
[kofejob.dreamstechnologies.com/html/template/assets/img/icon/hourly.svg]
[kofejob.dreamstechnologies.com/html/template/assets/img/icon/fixed.svg]
[kofejob.dreamstechnologies.com/html/template/post-project.html]
[kofejob.dreamstechnologies.com/html/template/assets/img/banner-img.svg]
[kofejob.dreamstechnologies.com/html/template/assets/img/icon/categories1.svg]
[kofejob.dreamstechnologies.com/html/template/assets/img/icon/categories7.svg]
[kofejob.dreamstechnologies.com/html/template/assets/img/icon/categories3.svg]
[kofejob.dreamstechnologies.com/html/template/assets/img/icon/categories4.svg]
[kofejob.dreamstechnologies.com/html/template/assets/img/icon/categories5.svg]
[kofejob.dreamstechnologies.com/html/template/assets/img/icon/categories6.svg]
[kofejob.dreamstechnologies.com/html/template/assets/img/icon/categories8.svg]
[kofejob.dreamstechnologies.com/html/template/assets/img/icon/achievement-1.svg]
[kofejob.dreamstechnologies.com/html/template/assets/img/icon/achievement-2.svg]
[kofejob.dreamstechnologies.com/html/template/assets/img/icon/achievement-3.svg]
[kofejob.dreamstechnologies.com/html/template/assets/img/icon/achievement-4.svg]
[kofejob.dreamstechnologies.com/html/template/assets/img/recent-icon-01.svg]
[kofejob.dreamstechnologies.com/html/template/assets/img/recent-icon-02.svg]
[kofejob.dreamstechnologies.com/html/template/assets/img/recent-icon-03.svg]
[kofejob.dreamstechnologies.com/html/template/assets/img/icon/locations.svg]
[kofejob.dreamstechnologies.com/html/template/assets/img/test-quote.svg]
[kofejob.dreamstechnologies.com/html/template/assets/plugins/bootstrap-tagsinput/js/bootstrap-tagsinput.js]
[kofejob.dreamstechnologies.com/html/template/assets/img/project-1.jpg]
[kofejob.dreamstechnologies.com/html/template/assets/img/project-2.jpg]
[kofejob.dreamstechnologies.com/html/template/assets/img/project-3.jpg]
[kofejob.dreamstechnologies.com/html/template/assets/img/project-4.jpg]
[kofejob.dreamstechnologies.com/html/template/assets/img/project-5.jpg]
[kofejob.dreamstechnologies.com/html/template/assets/img/project-6.jpg]
[kofejob.dreamstechnologies.com/html/template/freelancer-portfolio.html]
[kofejob.dreamstechnologies.com/html/template/faq.html]
[kofejob.dreamstechnologies.com/html/template/privacy-policy.html]
[kofejob.dreamstechnologies.com/html/template/term-condition.html]
[kofejob.dreamstechnologies.com/html/template/assets/img/icon/top-icon.svg]
[kofejob.dreamstechnologies.com/html/template/assets/css/owl.video.play.html]
[kofejob.dreamstechnologies.com/html/template/assets/plugins/feather/fonts/Feather144f.svg]
[kofejob.dreamstechnologies.com/html/template/assets/img/pre.svg]
[kofejob.dreamstechnologies.com/html/template/assets/img/next.svg]
[kofejob.dreamstechnologies.com/html/template/assets/img/bg/bg-24.svg]
[kofejob.dreamstechnologies.com/html/template/assets/img/icons/arrow-left.html]
[kofejob.dreamstechnologies.com/html/template/assets/img/icon/arrow-left.svg]
[kofejob.dreamstechnologies.com/html/template/assets/img/icon/arrow-right.svg]
[kofejob.dreamstechnologies.com/html/template/assets/img/icon/icon-18.svg]
[kofejob.dreamstechnologies.com/html/template/assets/img/icon/dashboard-line.svg]
[kofejob.dreamstechnologies.com/html/template/assets/img/icon/logo-icon-01.svg]
[kofejob.dreamstechnologies.com/html/template/assets/img/icon/logo-icon-02.svg]
[kofejob.dreamstechnologies.com/html/template/assets/img/icon/logo-icon-03.svg]
[kofejob.dreamstechnologies.com/html/template/assets/img/icon/logo-icon-04.svg]
[kofejob.dreamstechnologies.com/html/template/assets/img/icon/skill-icon-01.svg]
[kofejob.dreamstechnologies.com/html/template/assets/img/icon/skill-icon-02.svg]
[kofejob.dreamstechnologies.com/html/template/assets/img/icon/skill-icon-03.svg]
[kofejob.dreamstechnologies.com/html/template/assets/img/icon/skill-icon-04.svg]
[kofejob.dreamstechnologies.com/html/template/assets/img/icon/skill-icon-05.svg]
[kofejob.dreamstechnologies.com/html/template/assets/img/icon/skill-icon-06.svg]
[kofejob.dreamstechnologies.com/html/template/assets/img/icon/skill-icon-07.svg]
[kofejob.dreamstechnologies.com/html/template/assets/img/icon/skill-icon-08.svg]
[kofejob.dreamstechnologies.com/html/template/assets/img/icon/skill-icon-09.svg]
[kofejob.dreamstechnologies.com/html/template/assets/img/icon/skill-icon-10.svg]
[kofejob.dreamstechnologies.com/html/template/assets/img/icon/skill-icon-11.svg]
[kofejob.dreamstechnologies.com/html/template/assets/img/icon/skill-icon-12.svg]
[kofejob.dreamstechnologies.com/html/template/assets/img/icon/skill-icon-13.svg]
[kofejob.dreamstechnologies.com/html/template/assets/img/icon/skill-icon-14.svg]
[kofejob.dreamstechnologies.com/html/template/assets/img/icon/skill-icon-15.svg]
[kofejob.dreamstechnologies.com/html/template/assets/img/icon/skill-icon-16.svg]
[kofejob.dreamstechnologies.com/html/template/assets/img/icon/skill-icon-17.svg]
[kofejob.dreamstechnologies.com/html/template/assets/img/icon/skill-icon-18.svg]
[kofejob.dreamstechnologies.com/html/template/assets/img/icon/skill-icon-19.svg]
[kofejob.dreamstechnologies.com/html/template/assets/img/icon/skill-icon-20.svg]
[kofejob.dreamstechnologies.com/html/template/assets/img/icon/skill-icon-21.svg]
[kofejob.dreamstechnologies.com/html/template/assets/img/icon/skill-icon-22.svg]
[kofejob.dreamstechnologies.com/html/template/assets/img/icon/skill-icon-23.svg]
[kofejob.dreamstechnologies.com/html/template/assets/img/icon/skill-icon-24.svg]
[kofejob.dreamstechnologies.com/html/template/assets/img/icon/skill-icon-25.svg]
[kofejob.dreamstechnologies.com/html/template/assets/img/icon/great-icon-01.svg]
[kofejob.dreamstechnologies.com/html/template/assets/img/icon/great-icon-02.svg]
[kofejob.dreamstechnologies.com/html/template/assets/img/icon/great-icon-03.svg]
[kofejob.dreamstechnologies.com/html/template/assets/img/icon/great-icon-04.svg]
[kofejob.dreamstechnologies.com/html/template/assets/img/company-logo-01.svg]
[kofejob.dreamstechnologies.com/html/template/assets/img/company-logo-02.svg]
[kofejob.dreamstechnologies.com/html/template/assets/img/company-logo-03.svg]
[kofejob.dreamstechnologies.com/html/template/assets/img/company-logo-04.svg]
[kofejob.dreamstechnologies.com/html/template/assets/img/company-logo-05.svg]
[kofejob.dreamstechnologies.com/html/template/assets/img/company-logo-06.svg]
[kofejob.dreamstechnologies.com/html/template/assets/img/icon/gift-box.svg]
[kofejob.dreamstechnologies.com/html/template/assets/img/logo-white.svg]
[kofejob.dreamstechnologies.com/html/template/assets/img/icon/category-01.svg]
[kofejob.dreamstechnologies.com/html/template/assets/img/icon/category-09.svg]
[kofejob.dreamstechnologies.com/html/template/assets/img/icon/category-02.svg]
[kofejob.dreamstechnologies.com/html/template/assets/img/icon/category-10.svg]
[kofejob.dreamstechnologies.com/html/template/assets/img/icon/category-03.svg]
[kofejob.dreamstechnologies.com/html/template/assets/img/icon/category-11.svg]
[kofejob.dreamstechnologies.com/html/template/assets/img/icon/category-04.svg]
[kofejob.dreamstechnologies.com/html/template/assets/img/icon/category-12.svg]
[kofejob.dreamstechnologies.com/html/template/assets/img/icon/category-05.svg]
[kofejob.dreamstechnologies.com/html/template/assets/img/icon/category-13.svg]
[kofejob.dreamstechnologies.com/html/template/assets/img/icon/category-06.svg]
[kofejob.dreamstechnologies.com/html/template/assets/img/icon/category-14.svg]
[kofejob.dreamstechnologies.com/html/template/assets/img/icon/category-07.svg]
[kofejob.dreamstechnologies.com/html/template/assets/img/icon/category-15.svg]
[kofejob.dreamstechnologies.com/html/template/assets/img/icon/category-08.svg]
[kofejob.dreamstechnologies.com/html/template/assets/img/icon/category-16.svg]
[kofejob.dreamstechnologies.com/html/template/assets/img/icon/count-icon-01.svg]
[kofejob.dreamstechnologies.com/html/template/assets/img/icon/count-icon-02.svg]
[kofejob.dreamstechnologies.com/html/template/assets/img/icon/count-icon-03.svg]
[kofejob.dreamstechnologies.com/html/template/assets/img/icon/count-icon-04.svg]
[kofejob.dreamstechnologies.com/html/template/assets/img/icon/verify-badge.svg]
[kofejob.dreamstechnologies.com/html/template/assets/img/icon/user-quates.svg]
[kofejob.dreamstechnologies.com/html/template/assets/img/app-store.svg]
[kofejob.dreamstechnologies.com/html/template/assets/img/google-play.svg]
[kofejob.dreamstechnologies.com/html/template/assets/img/icon/great1.svg]
[kofejob.dreamstechnologies.com/html/template/assets/img/icon/great2.svg]
[kofejob.dreamstechnologies.com/html/template/assets/img/icon/great3.svg]
[kofejob.dreamstechnologies.com/html/template/assets/img/icon/great4.svg]
[kofejob.dreamstechnologies.com/html/template/assets/img/icon/verified-badge-fill.svg]
[kofejob.dreamstechnologies.com/html/template/assets/img/icon/great5.svg]
[kofejob.dreamstechnologies.com/html/template/assets/img/icon/great6.svg]
[kofejob.dreamstechnologies.com/html/template/assets/img/icon/great7.svg]
[kofejob.dreamstechnologies.com/html/template/assets/img/icon/great8.svg]
[kofejob.dreamstechnologies.com/html/template/company-details.html]
[kofejob.dreamstechnologies.com/html/template/assets/img/icon/trusted1.svg]
[kofejob.dreamstechnologies.com/html/template/assets/img/icon/trusted2.svg]
[kofejob.dreamstechnologies.com/html/template/assets/img/icon/trusted3.svg]
[kofejob.dreamstechnologies.com/html/template/assets/img/icon/trusted4.svg]
[kofejob.dreamstechnologies.com/html/template/assets/img/icon/trusted5.svg]
[kofejob.dreamstechnologies.com/html/template/assets/img/icon/recent-icon-04.svg]
[kofejob.dreamstechnologies.com/html/template/assets/img/icon/recent-icon-05.svg]
[kofejob.dreamstechnologies.com/html/template/assets/img/icon/recent-icon-06.svg]
[kofejob.dreamstechnologies.com/html/template/assets/img/icon/dollar-developper.svg]
[kofejob.dreamstechnologies.com/html/template/assets/img/quote-02.svg]
[kofejob.dreamstechnologies.com/html/template/assets/img/quote-01.svg]
[kofejob.dreamstechnologies.com/html/template/assets/img/icon/price.png]
[kofejob.dreamstechnologies.com/html/template/developer-list.html]
[kofejob.dreamstechnologies.com/html/template/assets/css/bootstrap-datetimepicker.min.css]
[kofejob.dreamstechnologies.com/html/template/assets/plugins/summernote/dist/font/summernotec360.eot]
[kofejob.dreamstechnologies.com/html/template/assets/plugins/summernote/dist/font/summernotec360.woff]
[kofejob.dreamstechnologies.com/html/template/assets/plugins/summernote/dist/summernote-lite.css]
[kofejob.dreamstechnologies.com/html/template/assets/img/icon/computer-line.svg]
[kofejob.dreamstechnologies.com/html/template/assets/img/icon/time-line.svg]
[kofejob.dreamstechnologies.com/html/template/assets/img/icon/user-heart-line.svg]
[kofejob.dreamstechnologies.com/html/template/assets/img/icon/translate-2.svg]
[kofejob.dreamstechnologies.com/html/template/assets/img/icon/translate.svg]
[kofejob.dreamstechnologies.com/html/template/assets/img/icon/message-chat-icon.svg]
[kofejob.dreamstechnologies.com/html/template/assets/img/icon/notification-bell-icon.svg]
[kofejob.dreamstechnologies.com/html/template/notification.html]
[kofejob.dreamstechnologies.com/html/template/assets/img/icon/user-dropdown-icon--01.svg]
[kofejob.dreamstechnologies.com/html/template/assets/img/icon/user-dropdown-icon--02.svg]
[kofejob.dreamstechnologies.com/html/template/assets/img/icon/user-dropdown-icon--03.svg]
[kofejob.dreamstechnologies.com/html/template/assets/img/icon/user-dropdown-icon--04.svg]
[kofejob.dreamstechnologies.com/html/template/assets/img/icon/user-dropdown-icon--05.svg]
[kofejob.dreamstechnologies.com/html/template/assets/img/icon/user-dropdown-icon--06.svg]
[kofejob.dreamstechnologies.com/html/template/assets/img/icon/user-dropdown-icon--07.svg]
[kofejob.dreamstechnologies.com/html/template/assets/plugins/summernote/dist/font/summernotec360.ttf]
[kofejob.dreamstechnologies.com/html/template/assets/img/flags/pl.png]
[kofejob.dreamstechnologies.com/html/template/assets/img/icon/tab-icon-01.png]
[kofejob.dreamstechnologies.com/html/template/assets/img/icon/tab-icon-02.png]
[kofejob.dreamstechnologies.com/html/template/assets/img/icon/tab-icon-03.png]
[kofejob.dreamstechnologies.com/html/template/assets/img/icon/tab-icon-04.png]
[kofejob.dreamstechnologies.com/html/template/assets/img/icon/tab-icon-05.png]
[kofejob.dreamstechnologies.com/html/template/assets/img/icon/tab-icon-06.png]
[kofejob.dreamstechnologies.com/html/template/freelancer-profile.html]
[kofejob.dreamstechnologies.com/html/template/assets/img/icon/verified-badge.svg]
[kofejob.dreamstechnologies.com/html/template/assets/img/icon/sidebar-icon-01.svg]
[kofejob.dreamstechnologies.com/html/template/assets/img/icon/sidebar-icon-02.svg]
[kofejob.dreamstechnologies.com/html/template/ongoing-projects.html]
[kofejob.dreamstechnologies.com/html/template/completed-projects.html]
[kofejob.dreamstechnologies.com/html/template/completed-projects-view-details.html]
[kofejob.dreamstechnologies.com/html/template/pending-projects.html]
[kofejob.dreamstechnologies.com/html/template/cancelled-projects.html]
[kofejob.dreamstechnologies.com/html/template/expired-projects.html]
[kofejob.dreamstechnologies.com/html/template/assets/img/icon/sidebar-icon-03.svg]
[kofejob.dreamstechnologies.com/html/template/invited-favourites.html]
[kofejob.dreamstechnologies.com/html/template/assets/img/icon/sidebar-icon-04.svg]
[kofejob.dreamstechnologies.com/html/template/assets/img/icon/sidebar-icon-06.svg]
[kofejob.dreamstechnologies.com/html/template/assets/img/icon/sidebar-icon-07.svg]
[kofejob.dreamstechnologies.com/html/template/assets/img/icon/sidebar-icon-10.svg]
[kofejob.dreamstechnologies.com/html/template/change-password.html]
[kofejob.dreamstechnologies.com/html/template/delete-account.html]
[kofejob.dreamstechnologies.com/html/template/assets/img/icon/sidebar-icon-11.svg]
[kofejob.dreamstechnologies.com/html/template/assets/img/icon/freelancer-dashboard-icon-01.svg]
[kofejob.dreamstechnologies.com/html/template/project-employer-view-proposal.html]
[kofejob.dreamstechnologies.com/html/template/assets/img/user/user-01.jpg]
[kofejob.dreamstechnologies.com/html/template/freelancer-completed-projects.html]
[kofejob.dreamstechnologies.com/html/template/assets/img/icon/freelancer-dashboard-icon-02.svg]
[kofejob.dreamstechnologies.com/html/template/assets/img/icon/freelancer-dashboard-icon-03.svg]
[kofejob.dreamstechnologies.com/html/template/assets/img/icon/freelancer-dashboard-icon-04.svg]
[kofejob.dreamstechnologies.com/html/template/view-project-detail.html]
[kofejob.dreamstechnologies.com/html/template/assets/img/default-logo.svg]
[kofejob.dreamstechnologies.com/html/template/assets/img/icon/flag-icon.svg]
[kofejob.dreamstechnologies.com/html/template/assets/plugins/datatables/datatables.min.css]
[kofejob.dreamstechnologies.com/html/template/assets/img/paypal.svg]
[kofejob.dreamstechnologies.com/html/template/assets/img/stripe.svg]
[kofejob.dreamstechnologies.com/html/template/assets/img/bank.svg]
[kofejob.dreamstechnologies.com/html/template/profile.html]
[kofejob.dreamstechnologies.com/html/template/tasks.html]
[kofejob.dreamstechnologies.com/html/template/assets/img/icon/manage-file-icon-01.svg]
[kofejob.dreamstechnologies.com/html/template/assets/img/icon/manage-file-icon-02.svg]
[kofejob.dreamstechnologies.com/html/template/assets/img/icon/manage-file-icon-03.svg]
[kofejob.dreamstechnologies.com/html/template/assets/img/icon/manage-file-icon-05.svg]
[kofejob.dreamstechnologies.com/html/template/assets/img/icon/manage-file-icon-04.svg]
[kofejob.dreamstechnologies.com/html/template/files.html]
[kofejob.dreamstechnologies.com/html/template/project-payment.html]
[kofejob.dreamstechnologies.com/html/template/assets/plugins/fancybox/jquery.fancybox.min.css]
[kofejob.dreamstechnologies.com/html/template/assets/img/icon/manage-file-icon-06.svg]
[kofejob.dreamstechnologies.com/html/template/assets/plugins/boxicons/fonts/boxicons.woff2]
[kofejob.dreamstechnologies.com/html/template/assets/plugins/boxicons/fonts/boxicons.woff]
[kofejob.dreamstechnologies.com/html/template/assets/plugins/boxicons/fonts/boxicons.eot]
[kofejob.dreamstechnologies.com/html/template/assets/plugins/boxicons/css/boxicons.min.css]
[kofejob.dreamstechnologies.com/html/template/assets/plugins/swiper/swiper.min.css]
[kofejob.dreamstechnologies.com/html/template/assets/css/chat.css]
[kofejob.dreamstechnologies.com/html/template/chat.html]
[kofejob.dreamstechnologies.com/html/template/assets/img/icon/emoj-icon-01.svg]
[kofejob.dreamstechnologies.com/html/template/assets/img/icon/emoj-icon-02.svg]
[kofejob.dreamstechnologies.com/html/template/assets/img/icon/emoj-icon-03.svg]
[kofejob.dreamstechnologies.com/html/template/assets/img/icon/emoj-icon-04.svg]
[kofejob.dreamstechnologies.com/html/template/assets/img/icon/emoj-icon-05.svg]
[kofejob.dreamstechnologies.com/html/template/assets/img/icon/play-01.svg]
[kofejob.dreamstechnologies.com/html/template/assets/img/voice.svg]
[kofejob.dreamstechnologies.com/html/template/assets/img/icon/like.svg]
[kofejob.dreamstechnologies.com/html/template/assets/img/icon/heart.svg]
[kofejob.dreamstechnologies.com/html/template/audio-call.html]
[kofejob.dreamstechnologies.com/html/template/video-call.html]
[kofejob.dreamstechnologies.com/html/template/voice-call.html]
[kofejob.dreamstechnologies.com/html/template/assets/img/icon/money-dollar-box-line.svg]
[kofejob.dreamstechnologies.com/html/template/assets/img/icon/wallet-icon.svg]
[kofejob.dreamstechnologies.com/html/template/assets/img/icon/install-line.svg]
[kofejob.dreamstechnologies.com/html/template/assets/img/icon/uninstall-line.svg]
[kofejob.dreamstechnologies.com/html/template/assets/plugins/boxicons/fonts/boxicons.ttf]
[kofejob.dreamstechnologies.com/html/template/project-list.html]
[kofejob.dreamstechnologies.com/html/template/freelancer-statement.html]
[kofejob.dreamstechnologies.com/html/template/freelancer-ongoing-projects.html]
[kofejob.dreamstechnologies.com/html/template/freelancer-cancelled-projects.html]
[kofejob.dreamstechnologies.com/html/template/freelancer-invitations.html]
[kofejob.dreamstechnologies.com/html/template/assets/img/icon/sidebar-icon-05.svg]
[kofejob.dreamstechnologies.com/html/template/freelancer-payout.html]
[kofejob.dreamstechnologies.com/html/template/assets/img/icon/sidebar-icon-08.svg]
[kofejob.dreamstechnologies.com/html/template/assets/img/icon/sidebar-icon-09.svg]
[kofejob.dreamstechnologies.com/html/template/freelancer-delete-account.html]
[kofejob.dreamstechnologies.com/html/template/assets/js/range.js]
[kofejob.dreamstechnologies.com/html/template/assets/plugins/boxicons/fonts/boxiconsd41d.svg]
[kofejob.dreamstechnologies.com/html/template/freelancer-milestones.html]
[kofejob.dreamstechnologies.com/html/template/freelancer-task.html]
[kofejob.dreamstechnologies.com/html/template/freelancer-files.html]
[kofejob.dreamstechnologies.com/html/template/freelancer-view-project-detail.html]
[kofejob.dreamstechnologies.com/html/template/assets/img/icon/bank-line.svg]
[kofejob.dreamstechnologies.com/html/template/assets/img/icon/paypal-line.svg]
[kofejob.dreamstechnologies.com/html/template/assets/img/icon/user-img.svg]
[kofejob.dreamstechnologies.com/html/template/assets/img/icon/checks.svg]
[kofejob.dreamstechnologies.com/html/template/freelancer-bookmarks.html]
[kofejob.dreamstechnologies.com/html/template/assets/img/icon/google-icon.svg]
[kofejob.dreamstechnologies.com/html/template/assets/img/icon/fb-icon.svg]
[kofejob.dreamstechnologies.com/html/template/assets/img/icon/ios-icon.svg]
[kofejob.dreamstechnologies.com/html/template/assets/img/icon/wizard-icon-01.svg]
[kofejob.dreamstechnologies.com/html/template/assets/img/icon/wizard-icon-02.svg]
[kofejob.dreamstechnologies.com/html/template/assets/img/icon/wizard-icon-03.svg]
[kofejob.dreamstechnologies.com/html/template/assets/img/icon/wizard-icon-04.svg]
[kofejob.dreamstechnologies.com/html/template/assets/img/icon/wizard-icon-05.svg]
[kofejob.dreamstechnologies.com/html/template/assets/img/select-04.svg]
[kofejob.dreamstechnologies.com/html/template/onboard-screen-employer.html]
[kofejob.dreamstechnologies.com/html/template/assets/img/select-05.svg]
[kofejob.dreamstechnologies.com/html/template/admin/assets/css/bootstrap.min.css]
[kofejob.dreamstechnologies.com/html/template/admin/assets/plugins/fontawesome/css/fontawesome.min.css]
[kofejob.dreamstechnologies.com/html/template/freelancer-payment.html]
[kofejob.dreamstechnologies.com/html/template/admin/assets/plugins/fontawesome/webfonts/fa-brands-400.woff2]
[kofejob.dreamstechnologies.com/html/template/admin/assets/plugins/fontawesome/webfonts/fa-regular-400.woff2]
[kofejob.dreamstechnologies.com/html/template/admin/assets/plugins/fontawesome/webfonts/fa-brands-400.ttf]
[kofejob.dreamstechnologies.com/html/template/admin/assets/plugins/fontawesome/webfonts/fa-regular-400.ttf]
[kofejob.dreamstechnologies.com/html/template/admin/assets/plugins/fontawesome/webfonts/fa-solid-900.woff2]
[kofejob.dreamstechnologies.com/html/template/admin/assets/plugins/fontawesome/webfonts/fa-v4compatibility.woff2]
[kofejob.dreamstechnologies.com/html/template/admin/assets/plugins/fontawesome/webfonts/fa-solid-900.ttf]
[kofejob.dreamstechnologies.com/html/template/admin/assets/plugins/fontawesome/css/all.min.css]
[kofejob.dreamstechnologies.com/html/template/admin/assets/plugins/fontawesome/webfonts/fa-v4compatibility.ttf]
[kofejob.dreamstechnologies.com/html/template/admin/assets/fonts/Feather144f.ttf]
[kofejob.dreamstechnologies.com/html/template/admin/assets/fonts/Feather144f.woff]
[kofejob.dreamstechnologies.com/html/template/admin/assets/css/feather.css]
[kofejob.dreamstechnologies.com/html/template/admin/assets/plugins/select2/css/select2.min.css]
[kofejob.dreamstechnologies.com/html/template/admin/assets/css/bootstrap-datetimepicker.min.css]
[kofejob.dreamstechnologies.com/html/template/admin/assets/plugins/datatables/datatables.min.css]
[kofejob.dreamstechnologies.com/html/template/admin/assets/fonts/Feather144f.svg]
[kofejob.dreamstechnologies.com/html/template/admin/assets/fonts/MaterialIcons-Regular.eot]
[kofejob.dreamstechnologies.com/html/template/admin/assets/fonts/MaterialIcons-Regular.woff2]
[kofejob.dreamstechnologies.com/html/template/admin/assets/fonts/MaterialIcons-Regular.woff]
[kofejob.dreamstechnologies.com/html/template/admin/assets/fonts/MaterialIcons-Regular.ttf]
[kofejob.dreamstechnologies.com/html/template/admin/assets/img/down-arrow.png]
[kofejob.dreamstechnologies.com/html/template/admin/assets/img/date-icon.png]
[kofejob.dreamstechnologies.com/html/template/admin/assets/css/style.css]
[kofejob.dreamstechnologies.com/html/template/admin/view-invoice.html]
[kofejob.dreamstechnologies.com/html/template/admin/profile.html]
[kofejob.dreamstechnologies.com/html/template/admin/view-estimate.html]
[kofejob.dreamstechnologies.com/html/template/admin/localization-details.html]
[kofejob.dreamstechnologies.com/html/template/admin/payment-settings.html]
[kofejob.dreamstechnologies.com/html/template/admin/email-settings.html]
[kofejob.dreamstechnologies.com/html/template/admin/social-settings.html]
[kofejob.dreamstechnologies.com/html/template/admin/social-links.html]
[kofejob.dreamstechnologies.com/html/template/admin/seo-settings.html]
[kofejob.dreamstechnologies.com/html/template/admin/settings.html]
[kofejob.dreamstechnologies.com/html/template/admin/others-settings.html]
[kofejob.dreamstechnologies.com/html/template/admin/assets/img/logo-01.png]
[kofejob.dreamstechnologies.com/html/template/admin/forgot-password.html]
[kofejob.dreamstechnologies.com/html/template/admin/login.html]
[kofejob.dreamstechnologies.com/html/template/admin/register.html]
[kofejob.dreamstechnologies.com/html/template/admin/assets/js/moment.min.js]
[kofejob.dreamstechnologies.com/html/template/admin/assets/js/bootstrap-datetimepicker.min.js]
[kofejob.dreamstechnologies.com/html/template/admin/categories.html]
[kofejob.dreamstechnologies.com/html/template/admin/assets/img/company/img-1.png]
[kofejob.dreamstechnologies.com/html/template/admin/assets/img/company/img-2.png]
[kofejob.dreamstechnologies.com/html/template/admin/assets/img/company/img-3.png]
[kofejob.dreamstechnologies.com/html/template/admin/assets/img/company/img-4.png]
[kofejob.dreamstechnologies.com/html/template/admin/assets/img/company/img-5.png]
[kofejob.dreamstechnologies.com/html/template/admin/assets/img/company/img-6.png]
[kofejob.dreamstechnologies.com/html/template/admin/assets/img/company/img-7.png]
[kofejob.dreamstechnologies.com/html/template/admin/assets/img/company/img-8.png]
[kofejob.dreamstechnologies.com/html/template/admin/assets/img/company/img-9.png]
[kofejob.dreamstechnologies.com/html/template/admin/assets/img/company/img-10.png]
[kofejob.dreamstechnologies.com/html/template/admin/projects.html]
[kofejob.dreamstechnologies.com/html/template/admin/assets/plugins/moment/moment.min.js]
[kofejob.dreamstechnologies.com/html/template/admin/user-active.html]
[kofejob.dreamstechnologies.com/html/template/admin/user-inactive.html]
[kofejob.dreamstechnologies.com/html/template/admin/user-suspended.html]
[kofejob.dreamstechnologies.com/html/template/admin/user-administrator.html]
[kofejob.dreamstechnologies.com/html/template/admin/assets/img/export.svg]
[kofejob.dreamstechnologies.com/html/template/admin/assets/img/icon/icon-01.svg]
[kofejob.dreamstechnologies.com/html/template/admin/assets/img/icon/icon-02.svg]
[kofejob.dreamstechnologies.com/html/template/admin/assets/img/icon/icon-03.svg]
[kofejob.dreamstechnologies.com/html/template/admin/assets/img/icon/icon-04.svg]
[kofejob.dreamstechnologies.com/html/template/admin/assets/img/profiles/avatar-13.jpg]
[kofejob.dreamstechnologies.com/html/template/admin/users.html]
[kofejob.dreamstechnologies.com/html/template/admin/deposit-pending.html]
[kofejob.dreamstechnologies.com/html/template/admin/deposit-hold.html]
[kofejob.dreamstechnologies.com/html/template/admin/deposit-cancelled.html]
[kofejob.dreamstechnologies.com/html/template/admin/deposit-completed.html]
[kofejob.dreamstechnologies.com/html/template/admin/user-profile.html]
[kofejob.dreamstechnologies.com/html/template/admin/assets/img/icon/icon-05.svg]
[kofejob.dreamstechnologies.com/html/template/admin/assets/img/icon/icon-06.svg]
[kofejob.dreamstechnologies.com/html/template/admin/assets/img/icon/icon-07.svg]
[kofejob.dreamstechnologies.com/html/template/admin/deposit.html]
[kofejob.dreamstechnologies.com/html/template/admin/assets/img/icon/icon-15.svg]
[kofejob.dreamstechnologies.com/html/template/admin/withdrawn-pending.html]
[kofejob.dreamstechnologies.com/html/template/admin/withdrawn-cancelled.html]
[kofejob.dreamstechnologies.com/html/template/admin/withdrawn.html]
[kofejob.dreamstechnologies.com/html/template/admin/withdrawn-completed.html]
[kofejob.dreamstechnologies.com/html/template/admin/transaction-deposit.html]
[kofejob.dreamstechnologies.com/html/template/admin/transaction-withdraw.html]
[kofejob.dreamstechnologies.com/html/template/admin/transaction-pending.html]
[kofejob.dreamstechnologies.com/html/template/admin/transaction-onhold.html]
[kofejob.dreamstechnologies.com/html/template/admin/transaction.html]
[kofejob.dreamstechnologies.com/html/template/admin/providers.html]
[kofejob.dreamstechnologies.com/html/template/admin/transaction-completed.html]
[kofejob.dreamstechnologies.com/html/template/admin/view-price-employe.html]
[kofejob.dreamstechnologies.com/html/template/admin/subscription.html]
[kofejob.dreamstechnologies.com/html/template/admin/subscripe-freelancer.html]
[kofejob.dreamstechnologies.com/html/template/admin/assets/plugins/c3-chart/c3.min.css]
[kofejob.dreamstechnologies.com/html/template/admin/project-bidding.html]
[kofejob.dreamstechnologies.com/html/template/admin/project-invoice.html]
[kofejob.dreamstechnologies.com/html/template/admin/project-earnings.html]
[kofejob.dreamstechnologies.com/html/template/admin/assets/plugins/c3-chart/d3.v5.min.js]
[kofejob.dreamstechnologies.com/html/template/admin/reports.html]
[kofejob.dreamstechnologies.com/html/template/admin/assets/plugins/c3-chart/chart-data.js]
[kofejob.dreamstechnologies.com/html/template/admin/roles.html]
[kofejob.dreamstechnologies.com/html/template/admin/skills.html]
[kofejob.dreamstechnologies.com/html/template/admin/roles-permission.html]
[kofejob.dreamstechnologies.com/html/template/admin/assets/img/profiles/avatar-08.jpg]
[kofejob.dreamstechnologies.com/html/template/admin/assets/plugins/c3-chart/c3.min.js]
[kofejob.dreamstechnologies.com/html/template/admin/assets/img/profiles/avatar-09.jpg]
[kofejob.dreamstechnologies.com/html/template/admin/assets/img/profiles/avatar-12.jpg]
[kofejob.dreamstechnologies.com/html/template/admin/verify-identity.html]
[kofejob.dreamstechnologies.com/html/template/admin/assets/img/img-01.jpg]
[kofejob.dreamstechnologies.com/html/template/admin/components.html]
[kofejob.dreamstechnologies.com/html/template/admin/form-basic-inputs.html]
[kofejob.dreamstechnologies.com/html/template/admin/form-input-groups.html]
[kofejob.dreamstechnologies.com/html/template/admin/form-horizontal.html]
[kofejob.dreamstechnologies.com/html/template/admin/form-vertical.html]
[kofejob.dreamstechnologies.com/html/template/admin/assets/js/jquery.maskedinput.min.js]
[kofejob.dreamstechnologies.com/html/template/admin/form-mask.html]
[kofejob.dreamstechnologies.com/html/template/admin/assets/js/mask.js]
[kofejob.dreamstechnologies.com/html/template/admin/form-validation.html]
[kofejob.dreamstechnologies.com/html/template/admin/tables-basic.html]
[kofejob.dreamstechnologies.com/html/template/admin/data-tables.html]
[kofejob.dreamstechnologies.com/html/template/assets/plugins/bootstrap-tagsinput/css/bootstrap-tagsinput.css]
[kofejob.dreamstechnologies.com/html/template/assets/img/icon/check-success.svg]
[kofejob.dreamstechnologies.com/html/template/assets/img/icon/hourly.svg]
[kofejob.dreamstechnologies.com/html/template/assets/img/icon/fixed.svg]
[kofejob.dreamstechnologies.com/html/template/admin/assets/js/form-validation.js]
[kofejob.dreamstechnologies.com/html/template/completed-projects-milestones.html]
[kofejob.dreamstechnologies.com/html/template/completed-projects-tasks.html]
[kofejob.dreamstechnologies.com/html/template/completed-projects-files.html]
[kofejob.dreamstechnologies.com/html/template/completed-projects-view-details.html]
[kofejob.dreamstechnologies.com/html/template/project-employer-view-proposal.html]
[kofejob.dreamstechnologies.com/html/template/profile.html]
[kofejob.dreamstechnologies.com/html/template/assets/img/icon/manage-file-icon-01.svg]
[kofejob.dreamstechnologies.com/html/template/assets/img/icon/manage-file-icon-02.svg]
[kofejob.dreamstechnologies.com/html/template/assets/img/icon/manage-file-icon-03.svg]
[kofejob.dreamstechnologies.com/html/template/assets/img/icon/manage-file-icon-04.svg]
[kofejob.dreamstechnologies.com/html/template/assets/img/icon/manage-file-icon-05.svg]
[kofejob.dreamstechnologies.com/html/template/assets/img/icon/manage-file-icon-06.svg]
[kofejob.dreamstechnologies.com/html/template/completed-projects-project-payment.html]
[kofejob.dreamstechnologies.com/html/template/assets/plugins/boxicons/fonts/boxiconsd41d.svg]
[kofejob.dreamstechnologies.com/html/template/freelancer-milestones.html]
[kofejob.dreamstechnologies.com/html/template/freelancer-task.html]
[kofejob.dreamstechnologies.com/html/template/freelancer-files.html]
[kofejob.dreamstechnologies.com/html/template/freelancer-payment.html]
[kofejob.dreamstechnologies.com/html/template/admin/assets/fonts/Feather144f.svg]
[kofejob.dreamstechnologies.com/html/template/admin/view-invoice.html]
[kofejob.dreamstechnologies.com/html/template/admin/view-estimate.html]
[kofejob.dreamstechnologies.com/html/template/admin/localization-details.html]
[kofejob.dreamstechnologies.com/html/template/admin/payment-settings.html]
[kofejob.dreamstechnologies.com/html/template/admin/email-settings.html]
[kofejob.dreamstechnologies.com/html/template/admin/social-settings.html]
[kofejob.dreamstechnologies.com/html/template/admin/social-links.html]
[kofejob.dreamstechnologies.com/html/template/admin/assets/plugins/bootstrap-tagsinput/css/bootstrap-tagsinput.css]
[kofejob.dreamstechnologies.com/html/template/admin/seo-settings.html]
[kofejob.dreamstechnologies.com/html/template/admin/assets/plugins/bootstrap-tagsinput/js/bootstrap-tagsinput.js]
[kofejob.dreamstechnologies.com/html/template/admin/assets/css/ckeditor.css]
[kofejob.dreamstechnologies.com/html/template/admin/others-settings.html]
[kofejob.dreamstechnologies.com/html/template/admin/forgot-password.html]
[kofejob.dreamstechnologies.com/html/template/admin/register.html]
[kofejob.dreamstechnologies.com/html/template/admin/user-active.html]
[kofejob.dreamstechnologies.com/html/template/admin/user-inactive.html]
[kofejob.dreamstechnologies.com/html/template/admin/user-suspended.html]
[kofejob.dreamstechnologies.com/html/template/admin/user-administrator.html]
[kofejob.dreamstechnologies.com/html/template/admin/assets/img/export.svg]
[kofejob.dreamstechnologies.com/html/template/admin/assets/img/icon/icon-01.svg]
[kofejob.dreamstechnologies.com/html/template/admin/assets/img/icon/icon-02.svg]
[kofejob.dreamstechnologies.com/html/template/admin/assets/img/icon/icon-03.svg]
[kofejob.dreamstechnologies.com/html/template/admin/assets/img/icon/icon-04.svg]
[kofejob.dreamstechnologies.com/html/template/admin/deposit-pending.html]
[kofejob.dreamstechnologies.com/html/template/admin/deposit-hold.html]
[kofejob.dreamstechnologies.com/html/template/admin/deposit-cancelled.html]
[kofejob.dreamstechnologies.com/html/template/admin/deposit-completed.html]
[kofejob.dreamstechnologies.com/html/template/admin/assets/img/icon/icon-08.svg]
[kofejob.dreamstechnologies.com/html/template/admin/assets/img/icon/icon-12.svg]
[kofejob.dreamstechnologies.com/html/template/admin/profile-transactions.html]
[kofejob.dreamstechnologies.com/html/template/admin/assets/img/icon/icon-10.svg]
[kofejob.dreamstechnologies.com/html/template/admin/activities.html]
[kofejob.dreamstechnologies.com/html/template/admin/user-profile.html]
[kofejob.dreamstechnologies.com/html/template/admin/assets/img/icon/icon-05.svg]
[kofejob.dreamstechnologies.com/html/template/admin/assets/img/icon/icon-06.svg]
[kofejob.dreamstechnologies.com/html/template/admin/assets/img/icon/icon-07.svg]
[kofejob.dreamstechnologies.com/html/template/admin/assets/img/icon/icon-15.svg]
[kofejob.dreamstechnologies.com/html/template/admin/withdrawn-pending.html]
[kofejob.dreamstechnologies.com/html/template/admin/withdrawn-cancelled.html]
[kofejob.dreamstechnologies.com/html/template/admin/withdrawn-completed.html]
[kofejob.dreamstechnologies.com/html/template/admin/transaction-deposit.html]
[kofejob.dreamstechnologies.com/html/template/admin/transaction-withdraw.html]
[kofejob.dreamstechnologies.com/html/template/admin/transaction-pending.html]
[kofejob.dreamstechnologies.com/html/template/admin/transaction-onhold.html]
[kofejob.dreamstechnologies.com/html/template/admin/transaction-completed.html]
[kofejob.dreamstechnologies.com/html/template/admin/assets/img/icon/icon-11.svg]
[kofejob.dreamstechnologies.com/html/template/admin/employe-list.html]
[kofejob.dreamstechnologies.com/html/template/admin/view-price-employe.html]
[kofejob.dreamstechnologies.com/html/template/admin/subscripe-freelancer.html]
[kofejob.dreamstechnologies.com/html/template/admin/assets/plugins/c3-chart/c3.min.css]
[kofejob.dreamstechnologies.com/html/template/admin/project-bidding.html]
[kofejob.dreamstechnologies.com/html/template/admin/project-invoice.html]
[kofejob.dreamstechnologies.com/html/template/admin/view-price-freelance.html]
[kofejob.dreamstechnologies.com/html/template/admin/assets/js/ckeditor.js]
[kofejob.dreamstechnologies.com/html/template/admin/earning-employer.html]
[kofejob.dreamstechnologies.com/html/template/admin/project-earnings.html]
[kofejob.dreamstechnologies.com/html/template/admin/roles-permission.html]
[kofejob.dreamstechnologies.com/html/template/completed-projects-milestones.html]
[kofejob.dreamstechnologies.com/html/template/completed-projects-tasks.html]
[kofejob.dreamstechnologies.com/html/template/completed-projects-files.html]
[kofejob.dreamstechnologies.com/html/template/completed-projects-project-payment.html]
[kofejob.dreamstechnologies.com/html/template/admin/assets/plugins/bootstrap-tagsinput/css/bootstrap-tagsinput.css]
[kofejob.dreamstechnologies.com/html/template/admin/earning-freelancer.html]
[kofejob.dreamstechnologies.com/html/template/admin/assets/img/github.svg]
[kofejob.dreamstechnologies.com/html/template/admin/assets/css/ckeditor.css]
[kofejob.dreamstechnologies.com/html/template/admin/assets/img/icon/icon-08.svg]
[kofejob.dreamstechnologies.com/html/template/admin/assets/img/icon/icon-12.svg]
[kofejob.dreamstechnologies.com/html/template/admin/assets/img/icon/icon-09.svg]
[kofejob.dreamstechnologies.com/html/template/admin/profile-transactions.html]
[kofejob.dreamstechnologies.com/html/template/admin/assets/img/icon/icon-10.svg]
[kofejob.dreamstechnologies.com/html/template/admin/assets/img/icon/icon-13.svg]
[kofejob.dreamstechnologies.com/html/template/admin/activities.html]
[kofejob.dreamstechnologies.com/html/template/admin/assets/img/icon/icon-11.svg]
[kofejob.dreamstechnologies.com/html/template/admin/assets/img/icon/icon-14.svg]
[kofejob.dreamstechnologies.com/html/template/admin/employe-list.html]
[kofejob.dreamstechnologies.com/html/template/admin/view-price-freelance.html]
[kofejob.dreamstechnologies.com/html/template/admin/earning-employer.html]
[kofejob.dreamstechnologies.com/html/template/admin/earning-freelancer.html]
[kofejob.dreamstechnologies.com/html/template/admin/assets/img/github.html]
[kofejob.dreamstechnologies.com/html/template/admin/assets/img/icon/icon-09.svg]
[kofejob.dreamstechnologies.com/html/template/admin/assets/img/icon/icon-13.svg]
[kofejob.dreamstechnologies.com/html/template/admin/assets/img/icon/icon-14.svg]
[kofejob.dreamstechnologies.com/html/template/admin/freelance-list.html]
[kofejob.dreamstechnologies.com/html/template/admin/freelance-list.html]
